This is XeTeX, Version 3.141592653-2.6-0.999998 (TeX Live 2026) (preloaded format=xelatex 2026.8.28)  11 SEP 2026 05:27
entering extended mode
 restricted \write18 enabled.
 %&-line parsing enabled.
**cv_summary.tex
(./cv_summary.tex
LaTeX2e <2026-06-01>
L3 programming layer <2026-08-10>
(c:/Users/otisr/AppData/Roaming/TinyTeX/texmf-dist/tex/latex/koma-script/scrartcl.cls
Document Class: scrartcl 2026/02/02 v3.49.2 KOMA-Script document class (article)
(c:/Users/otisr/AppData/Roaming/TinyTeX/texmf-dist/tex/latex/koma-script/scrkbase.sty
Package: scrkbase 2026/02/02 v3.49.2 KOMA-Script package (KOMA-Script-dependent basics and keyval usage)
(c:/Users/otisr/AppData/Roaming/TinyTeX/texmf-dist/tex/latex/koma-script/scrbase.sty
Package: scrbase 2026/02/02 v3.49.2 KOMA-Script package (KOMA-Script-independent basics and keyval usage)
(c:/Users/otisr/AppData/Roaming/TinyTeX/texmf-dist/tex/latex/koma-script/scrlfile.sty
Package: scrlfile 2026/02/02 v3.49.2 KOMA-Script package (file load hooks)
(c:/Users/otisr/AppData/Roaming/TinyTeX/texmf-dist/tex/latex/koma-script/scrlfile-hook.sty
Package: scrlfile-hook 2026/02/02 v3.49.2 KOMA-Script package (using LaTeX hooks)
(c:/Users/otisr/AppData/Roaming/TinyTeX/texmf-dist/tex/latex/koma-script/scrlogo.sty
Package: scrlogo 2026/02/02 v3.49.2 KOMA-Script package (logo)
))) (c:/Users/otisr/AppData/Roaming/TinyTeX/texmf-dist/tex/latex/graphics/keyval.sty
Package: keyval 2026-05-17 v1.15 key=value parser (DPC)
\KV@toks@=\toks17
)
Applying: [2021/05/01] Usage of raw or classic option list on input line 254.
Already applied: [0000/00/00] Usage of raw or classic option list on input line 370.
)) (c:/Users/otisr/AppData/Roaming/TinyTeX/texmf-dist/tex/latex/koma-script/tocbasic.sty
Package: tocbasic 2026/02/02 v3.49.2 KOMA-Script package (handling toc-files)
\scr@dte@tocline@numberwidth=\skip49
\scr@dte@tocline@numbox=\box53
)
Package tocbasic Info: omitting babel extension for `toc'
(tocbasic)             because of feature `nobabel' available
(tocbasic)             for `toc' on input line 141.
Class scrartcl Info: File `scrsize11pt.clo' used instead of
(scrartcl)           file `scrsize11.clo' to setup font sizes on input line 2489.
(c:/Users/otisr/AppData/Roaming/TinyTeX/texmf-dist/tex/latex/koma-script/scrsize11pt.clo
File: scrsize11pt.clo 2026/02/02 v3.49.2 KOMA-Script font size class option (11pt)
) (c:/Users/otisr/AppData/Roaming/TinyTeX/texmf-dist/tex/latex/koma-script/typearea.sty
Package: typearea 2026/02/02 v3.49.2 KOMA-Script package (type area)
\ta@bcor=\skip50
\ta@div=\count273
Package typearea Info: You've used standard option `letterpaper'.
(typearea)             This is correct!
(typearea)             Internally I'm using `paper=letter'.
(typearea)             If you'd like to set the option with \KOMAoptions,
(typearea)             you'd have to use `paper=letter' there
(typearea)             instead of `letterpaper', too.
\ta@hblk=\skip51
\ta@vblk=\skip52
\ta@temp=\skip53
\footheight=\skip54
Package typearea Info: These are the values describing the layout:
(typearea)             DIV  = 11
(typearea)             BCOR = 0.0pt
(typearea)             \paperwidth      = 614.295pt
(typearea)              \textwidth      = 446.76004pt
(typearea)              DIV departure   = -14%
(typearea)              \evensidemargin = 11.49748pt
(typearea)              \oddsidemargin  = 11.49748pt
(typearea)             \paperheight     = 794.96999pt
(typearea)              \textheight     = 582.20026pt
(typearea)              \topmargin      = -37.40001pt
(typearea)              \headheight     = 17.0pt
(typearea)              \headsep        = 20.40001pt
(typearea)              \topskip        = 11.0pt
(typearea)              \footskip       = 47.6pt
(typearea)              \baselineskip   = 13.6pt
(typearea)              on input line 1810.
)
\c@part=\count274
\c@section=\count275
\c@subsection=\count276
\c@subsubsection=\count277
\c@paragraph=\count278
\c@subparagraph=\count279
\scr@dte@section@maxnumwidth=\skip55
Class scrartcl Info: using compatibility default `runin=bysign'
(scrartcl)           for `\section on input line 5015.
Class scrartcl Info: using compatibility default `afterindent=bysign'
(scrartcl)           for `\section on input line 5015.
\scr@dte@part@maxnumwidth=\skip56
Class scrartcl Info: using compatibility default `afterindent=false'
(scrartcl)           for `\part on input line 5023.
\scr@dte@subsection@maxnumwidth=\skip57
Class scrartcl Info: using compatibility default `runin=bysign'
(scrartcl)           for `\subsection on input line 5033.
Class scrartcl Info: using compatibility default `afterindent=bysign'
(scrartcl)           for `\subsection on input line 5033.
\scr@dte@subsubsection@maxnumwidth=\skip58
Class scrartcl Info: using compatibility default `runin=bysign'
(scrartcl)           for `\subsubsection on input line 5043.
Class scrartcl Info: using compatibility default `afterindent=bysign'
(scrartcl)           for `\subsubsection on input line 5043.
\scr@dte@paragraph@maxnumwidth=\skip59
Class scrartcl Info: using compatibility default `runin=bysign'
(scrartcl)           for `\paragraph on input line 5054.
Class scrartcl Info: using compatibility default `afterindent=bysign'
(scrartcl)           for `\paragraph on input line 5054.
\scr@dte@subparagraph@maxnumwidth=\skip60
Class scrartcl Info: using compatibility default `runin=bysign'
(scrartcl)           for `\subparagraph on input line 5064.
Class scrartcl Info: using compatibility default `afterindent=bysign'
(scrartcl)           for `\subparagraph on input line 5064.
\abovecaptionskip=\skip61
\belowcaptionskip=\skip62
\c@pti@nb@sid@b@x=\box54
Package tocbasic Info: omitting babel extension for `lof'
(tocbasic)             because of feature `nobabel' available
(tocbasic)             for `lof' on input line 6287.
\scr@dte@figure@maxnumwidth=\skip63
\c@figure=\count280
Package tocbasic Info: omitting babel extension for `lot'
(tocbasic)             because of feature `nobabel' available
(tocbasic)             for `lot' on input line 6299.
\scr@dte@table@maxnumwidth=\skip64
\c@table=\count281
Class scrartcl Info: Redefining `\numberline' on input line 6469.
\bibindent=\dimen150
) (c:/Users/otisr/AppData/Roaming/TinyTeX/texmf-dist/tex/latex/xcolor/xcolor.sty
Package: xcolor 2024/09/29 v3.02 LaTeX color extensions (UK)
(c:/Users/otisr/AppData/Roaming/TinyTeX/texmf-dist/tex/latex/graphics-cfg/color.cfg
File: color.cfg 2016/01/02 v1.6 sample color configuration
)
Package xcolor Info: Driver file: xetex.def on input line 274.
(c:/Users/otisr/AppData/Roaming/TinyTeX/texmf-dist/tex/latex/graphics-def/xetex.def
File: xetex.def 2025/11/01 v5.0p Graphics/color driver for xetex
) (c:/Users/otisr/AppData/Roaming/TinyTeX/texmf-dist/tex/latex/graphics/mathcolor.ltx)
Package xcolor Info: Model `cmy' substituted by `cmy0' on input line 1349.
Package xcolor Info: Model `RGB' extended on input line 1365.
Package xcolor Info: Model `HTML' substituted by `rgb' on input line 1367.
Package xcolor Info: Model `Hsb' substituted by `hsb' on input line 1368.
Package xcolor Info: Model `tHsb' substituted by `hsb' on input line 1369.
Package xcolor Info: Model `HSB' substituted by `hsb' on input line 1370.
Package xcolor Info: Model `Gray' substituted by `gray' on input line 1371.
Package xcolor Info: Model `wave' substituted by `hsb' on input line 1372.
) (c:/Users/otisr/AppData/Roaming/TinyTeX/texmf-dist/tex/latex/graphics/dvipsnam.def
File: dvipsnam.def 2026-05-17 v3.0m Driver-dependent file (DPC,SPQR)
) (c:/Users/otisr/AppData/Roaming/TinyTeX/texmf-dist/tex/latex/xcolor/svgnam.def
File: svgnam.def 2024/09/29 v3.02 Predefined colors according to SVG 1.1 (UK)
) (c:/Users/otisr/AppData/Roaming/TinyTeX/texmf-dist/tex/latex/xcolor/x11nam.def
File: x11nam.def 2024/09/29 v3.02 Predefined colors according to Unix/X11 (UK)
) (c:/Users/otisr/AppData/Roaming/TinyTeX/texmf-dist/tex/latex/amsmath/amsmath.sty
Package: amsmath 2026/05/19 v2.18d AMS math features
\@mathmargin=\skip65
For additional information on amsmath, use the `?' option.
(c:/Users/otisr/AppData/Roaming/TinyTeX/texmf-dist/tex/latex/amsmath/amstext.sty
Package: amstext 2024/11/17 v2.01 AMS text
(c:/Users/otisr/AppData/Roaming/TinyTeX/texmf-dist/tex/latex/amsmath/amsgen.sty
File: amsgen.sty 1999/11/30 v2.0 generic functions
\@emptytoks=\toks18
\ex@=\dimen151
)) (c:/Users/otisr/AppData/Roaming/TinyTeX/texmf-dist/tex/latex/amsmath/amsbsy.sty
Package: amsbsy 1999/11/29 v1.2d Bold Symbols
\pmbraise@=\dimen152
) (c:/Users/otisr/AppData/Roaming/TinyTeX/texmf-dist/tex/latex/amsmath/amsopn.sty
Package: amsopn 2022/04/08 v2.04 operator names
)
\inf@bad=\count282
LaTeX Info: Redefining \frac on input line 233.
\uproot@=\count283
\leftroot@=\count284
LaTeX Info: Redefining \overline on input line 398.
LaTeX Info: Redefining \colon on input line 409.
\classnum@=\count285
\DOTSCASE@=\count286
LaTeX Info: Redefining \ldots on input line 495.
LaTeX Info: Redefining \dots on input line 498.
LaTeX Info: Redefining \cdots on input line 619.
\Mathstrutbox@=\box55
\strutbox@=\box56
LaTeX Info: Redefining \big on input line 721.
LaTeX Info: Redefining \Big on input line 722.
LaTeX Info: Redefining \bigg on input line 723.
LaTeX Info: Redefining \Bigg on input line 724.
\big@size=\dimen153
LaTeX Font Info:    Redeclaring font encoding OML on input line 742.
LaTeX Font Info:    Redeclaring font encoding OMS on input line 743.
\macc@depth=\count287
LaTeX Info: Redefining \bmod on input line 904.
LaTeX Info: Redefining \pmod on input line 909.
LaTeX Info: Redefining \smash on input line 939.
LaTeX Info: Redefining \relbar on input line 969.
LaTeX Info: Redefining \Relbar on input line 970.
\c@MaxMatrixCols=\count288
\dotsspace@=\muskip17
\c@parentequation=\count289
\dspbrk@lvl=\count290
\tag@help=\toks19
\row@=\count291
\column@=\count292
\maxfields@=\count293
\andhelp@=\toks20
\eqnshift@=\dimen154
\alignsep@=\dimen155
\tagshift@=\dimen156
\tagwidth@=\dimen157
\totwidth@=\dimen158
\lineht@=\dimen159
\@envbody=\toks21
\multlinegap=\skip66
\multlinetaggap=\skip67
\mathdisplay@stack=\toks22
LaTeX Info: Redefining \[ on input line 2965.
LaTeX Info: Redefining \] on input line 2966.
) (c:/Users/otisr/AppData/Roaming/TinyTeX/texmf-dist/tex/latex/amsfonts/amssymb.sty
Package: amssymb 2013/01/14 v3.01 AMS font symbols
(c:/Users/otisr/AppData/Roaming/TinyTeX/texmf-dist/tex/latex/amsfonts/amsfonts.sty
Package: amsfonts 2013/01/14 v3.01 Basic AMSFonts support
\symAMSa=\mathgroup4
\symAMSb=\mathgroup5
LaTeX Font Info:    Redeclaring math symbol \hbar on input line 98.
LaTeX Font Info:    Overwriting math alphabet `\mathfrak' in version `bold'
(Font)                  U/euf/m/n --> U/euf/b/n on input line 106.
)) (c:/Users/otisr/AppData/Roaming/TinyTeX/texmf-dist/tex/generic/iftex/iftex.sty
Package: iftex 2024/12/12 v1.0g TeX engine tests
) (c:/Users/otisr/AppData/Roaming/TinyTeX/texmf-dist/tex/latex/unicode-math/unicode-math.sty (c:/Users/otisr/AppData/Roaming/TinyTeX/texmf-dist/tex/latex/l3kernel/expl3.sty
Package: expl3 2026-08-10 L3 programming layer (loader) 
(c:/Users/otisr/AppData/Roaming/TinyTeX/texmf-dist/tex/latex/l3backend/l3backend-xetex.def
File: l3backend-xetex.def 2026-02-18 L3 backend support: XeTeX
\g__graphics_track_int=\count294
\g__pdfannot_backend_int=\count295
\g__pdfannot_backend_link_int=\count296
))
Package: unicode-math 2023/08/13 v0.8r Unicode maths in XeLaTeX and LuaLaTeX
(c:/Users/otisr/AppData/Roaming/TinyTeX/texmf-dist/tex/latex/unicode-math/unicode-math-xetex.sty
Package: unicode-math-xetex 2023/08/13 v0.8r Unicode maths in XeLaTeX and LuaLaTeX
(c:/Users/otisr/AppData/Roaming/TinyTeX/texmf-dist/tex/latex/l3packages/xparse/xparse.sty
Package: xparse 2025-10-09 L3 Experimental document command parser
) (c:/Users/otisr/AppData/Roaming/TinyTeX/texmf-dist/tex/latex/l3packages/l3keys2e/l3keys2e.sty
Package: l3keys2e 2025-10-09 LaTeX2e option processing using LaTeX3 keys
) (c:/Users/otisr/AppData/Roaming/TinyTeX/texmf-dist/tex/latex/fontspec/fontspec.sty
Package: fontspec 2026/08/11 v2.9h Font selection for XeLaTeX and LuaLaTeX
(c:/Users/otisr/AppData/Roaming/TinyTeX/texmf-dist/tex/latex/fontspec/fontspec-xetex.sty
Package: fontspec-xetex 2026/08/11 v2.9h Font selection for XeLaTeX and LuaLaTeX
\l__fontspec_script_int=\count297
\l__fontspec_language_int=\count298
\l__fontspec_strnum_int=\count299
\l__fontspec_tmp_int=\count300
\l__fontspec_tmpa_int=\count301
\l__fontspec_tmpb_int=\count302
\l__fontspec_tmpc_int=\count303
\l__fontspec_em_int=\count304
\l__fontspec_emdef_int=\count305
\l__fontspec_strong_int=\count306
\l__fontspec_strongdef_int=\count307
\l__fontspec_tmpa_dim=\dimen160
\l__fontspec_tmpb_dim=\dimen161
\l__fontspec_tmpc_dim=\dimen162
(c:/Users/otisr/AppData/Roaming/TinyTeX/texmf-dist/tex/latex/base/fontenc.sty
Package: fontenc 2025/07/18 v2.1d Standard LaTeX package
) (c:/Users/otisr/AppData/Roaming/TinyTeX/texmf-dist/tex/latex/fontspec/fontspec.cfg))) (c:/Users/otisr/AppData/Roaming/TinyTeX/texmf-dist/tex/latex/base/fix-cm.sty
Package: fix-cm 2020/11/24 v1.1t fixes to LaTeX
(c:/Users/otisr/AppData/Roaming/TinyTeX/texmf-dist/tex/latex/base/ts1enc.def
File: ts1enc.def 2001/06/05 v3.0e (jk/car/fm) Standard LaTeX file
LaTeX Font Info:    Redeclaring font encoding TS1 on input line 47.
LaTeX Encoding Info:    Redeclaring text command \capitalcedilla (encoding TS1) on input line 49.
LaTeX Encoding Info:    Redeclaring text command \capitalogonek (encoding TS1) on input line 52.
LaTeX Encoding Info:    Redeclaring text command \capitalgrave (encoding TS1) on input line 55.
LaTeX Encoding Info:    Redeclaring text command \capitalacute (encoding TS1) on input line 56.
LaTeX Encoding Info:    Redeclaring text command \capitalcircumflex (encoding TS1) on input line 57.
LaTeX Encoding Info:    Redeclaring text command \capitaltilde (encoding TS1) on input line 58.
LaTeX Encoding Info:    Redeclaring text command \capitaldieresis (encoding TS1) on input line 59.
LaTeX Encoding Info:    Redeclaring text command \capitalhungarumlaut (encoding TS1) on input line 60.
LaTeX Encoding Info:    Redeclaring text command \capitalring (encoding TS1) on input line 61.
LaTeX Encoding Info:    Redeclaring text command \capitalcaron (encoding TS1) on input line 62.
LaTeX Encoding Info:    Redeclaring text command \capitalbreve (encoding TS1) on input line 63.
LaTeX Encoding Info:    Redeclaring text command \capitalmacron (encoding TS1) on input line 64.
LaTeX Encoding Info:    Redeclaring text command \capitaldotaccent (encoding TS1) on input line 65.
LaTeX Encoding Info:    Redeclaring text command \t (encoding TS1) on input line 66.
LaTeX Encoding Info:    Redeclaring text command \capitaltie (encoding TS1) on input line 67.
LaTeX Encoding Info:    Redeclaring text command \newtie (encoding TS1) on input line 68.
LaTeX Encoding Info:    Redeclaring text command \capitalnewtie (encoding TS1) on input line 69.
LaTeX Encoding Info:    Redeclaring text symbol \textcapitalcompwordmark (encoding TS1) on input line 70.
LaTeX Encoding Info:    Redeclaring text symbol \textascendercompwordmark (encoding TS1) on input line 71.
LaTeX Encoding Info:    Redeclaring text symbol \textquotestraightbase (encoding TS1) on input line 72.
LaTeX Encoding Info:    Redeclaring text symbol \textquotestraightdblbase (encoding TS1) on input line 73.
LaTeX Encoding Info:    Redeclaring text symbol \texttwelveudash (encoding TS1) on input line 74.
LaTeX Encoding Info:    Redeclaring text symbol \textthreequartersemdash (encoding TS1) on input line 75.
LaTeX Encoding Info:    Redeclaring text symbol \textleftarrow (encoding TS1) on input line 76.
LaTeX Encoding Info:    Redeclaring text symbol \textrightarrow (encoding TS1) on input line 77.
LaTeX Encoding Info:    Redeclaring text symbol \textblank (encoding TS1) on input line 78.
LaTeX Encoding Info:    Redeclaring text symbol \textdollar (encoding TS1) on input line 79.
LaTeX Encoding Info:    Redeclaring text symbol \textquotesingle (encoding TS1) on input line 80.
LaTeX Encoding Info:    Redeclaring text command \textasteriskcentered (encoding TS1) on input line 81.
LaTeX Encoding Info:    Redeclaring text symbol \textdblhyphen (encoding TS1) on input line 92.
LaTeX Encoding Info:    Redeclaring text symbol \textfractionsolidus (encoding TS1) on input line 93.
LaTeX Encoding Info:    Redeclaring text symbol \textzerooldstyle (encoding TS1) on input line 94.
LaTeX Encoding Info:    Redeclaring text symbol \textoneoldstyle (encoding TS1) on input line 95.
LaTeX Encoding Info:    Redeclaring text symbol \texttwooldstyle (encoding TS1) on input line 96.
LaTeX Encoding Info:    Redeclaring text symbol \textthreeoldstyle (encoding TS1) on input line 97.
LaTeX Encoding Info:    Redeclaring text symbol \textfouroldstyle (encoding TS1) on input line 98.
LaTeX Encoding Info:    Redeclaring text symbol \textfiveoldstyle (encoding TS1) on input line 99.
LaTeX Encoding Info:    Redeclaring text symbol \textsixoldstyle (encoding TS1) on input line 100.
LaTeX Encoding Info:    Redeclaring text symbol \textsevenoldstyle (encoding TS1) on input line 101.
LaTeX Encoding Info:    Redeclaring text symbol \texteightoldstyle (encoding TS1) on input line 102.
LaTeX Encoding Info:    Redeclaring text symbol \textnineoldstyle (encoding TS1) on input line 103.
LaTeX Encoding Info:    Redeclaring text symbol \textlangle (encoding TS1) on input line 104.
LaTeX Encoding Info:    Redeclaring text symbol \textminus (encoding TS1) on input line 105.
LaTeX Encoding Info:    Redeclaring text symbol \textrangle (encoding TS1) on input line 106.
LaTeX Encoding Info:    Redeclaring text symbol \textmho (encoding TS1) on input line 107.
LaTeX Encoding Info:    Redeclaring text symbol \textbigcircle (encoding TS1) on input line 108.
LaTeX Encoding Info:    Redeclaring text command \textcircled (encoding TS1) on input line 109.
LaTeX Encoding Info:    Redeclaring text symbol \textohm (encoding TS1) on input line 115.
LaTeX Encoding Info:    Redeclaring text symbol \textlbrackdbl (encoding TS1) on input line 116.
LaTeX Encoding Info:    Redeclaring text symbol \textrbrackdbl (encoding TS1) on input line 117.
LaTeX Encoding Info:    Redeclaring text symbol \textuparrow (encoding TS1) on input line 118.
LaTeX Encoding Info:    Redeclaring text symbol \textdownarrow (encoding TS1) on input line 119.
LaTeX Encoding Info:    Redeclaring text symbol \textasciigrave (encoding TS1) on input line 120.
LaTeX Encoding Info:    Redeclaring text symbol \textborn (encoding TS1) on input line 121.
LaTeX Encoding Info:    Redeclaring text symbol \textdivorced (encoding TS1) on input line 122.
LaTeX Encoding Info:    Redeclaring text symbol \textdied (encoding TS1) on input line 123.
LaTeX Encoding Info:    Redeclaring text symbol \textleaf (encoding TS1) on input line 124.
LaTeX Encoding Info:    Redeclaring text symbol \textmarried (encoding TS1) on input line 125.
LaTeX Encoding Info:    Redeclaring text symbol \textmusicalnote (encoding TS1) on input line 126.
LaTeX Encoding Info:    Redeclaring text symbol \texttildelow (encoding TS1) on input line 127.
LaTeX Encoding Info:    Redeclaring text symbol \textdblhyphenchar (encoding TS1) on input line 128.
LaTeX Encoding Info:    Redeclaring text symbol \textasciibreve (encoding TS1) on input line 129.
LaTeX Encoding Info:    Redeclaring text symbol \textasciicaron (encoding TS1) on input line 130.
LaTeX Encoding Info:    Redeclaring text symbol \textacutedbl (encoding TS1) on input line 131.
LaTeX Encoding Info:    Redeclaring text symbol \textgravedbl (encoding TS1) on input line 132.
LaTeX Encoding Info:    Redeclaring text symbol \textdagger (encoding TS1) on input line 133.
LaTeX Encoding Info:    Redeclaring text symbol \textdaggerdbl (encoding TS1) on input line 134.
LaTeX Encoding Info:    Redeclaring text symbol \textbardbl (encoding TS1) on input line 135.
LaTeX Encoding Info:    Redeclaring text symbol \textperthousand (encoding TS1) on input line 136.
LaTeX Encoding Info:    Redeclaring text symbol \textbullet (encoding TS1) on input line 137.
LaTeX Encoding Info:    Redeclaring text symbol \textcelsius (encoding TS1) on input line 138.
LaTeX Encoding Info:    Redeclaring text symbol \textdollaroldstyle (encoding TS1) on input line 139.
LaTeX Encoding Info:    Redeclaring text symbol \textcentoldstyle (encoding TS1) on input line 140.
LaTeX Encoding Info:    Redeclaring text symbol \textflorin (encoding TS1) on input line 141.
LaTeX Encoding Info:    Redeclaring text symbol \textcolonmonetary (encoding TS1) on input line 142.
LaTeX Encoding Info:    Redeclaring text symbol \textwon (encoding TS1) on input line 143.
LaTeX Encoding Info:    Redeclaring text symbol \textnaira (encoding TS1) on input line 144.
LaTeX Encoding Info:    Redeclaring text symbol \textguarani (encoding TS1) on input line 145.
LaTeX Encoding Info:    Redeclaring text symbol \textpeso (encoding TS1) on input line 146.
LaTeX Encoding Info:    Redeclaring text symbol \textlira (encoding TS1) on input line 147.
LaTeX Encoding Info:    Redeclaring text symbol \textrecipe (encoding TS1) on input line 148.
LaTeX Encoding Info:    Redeclaring text symbol \textinterrobang (encoding TS1) on input line 149.
LaTeX Encoding Info:    Redeclaring text symbol \textinterrobangdown (encoding TS1) on input line 150.
LaTeX Encoding Info:    Redeclaring text symbol \textdong (encoding TS1) on input line 151.
LaTeX Encoding Info:    Redeclaring text symbol \texttrademark (encoding TS1) on input line 152.
LaTeX Encoding Info:    Redeclaring text symbol \textpertenthousand (encoding TS1) on input line 153.
LaTeX Encoding Info:    Redeclaring text symbol \textpilcrow (encoding TS1) on input line 154.
LaTeX Encoding Info:    Redeclaring text symbol \textbaht (encoding TS1) on input line 155.
LaTeX Encoding Info:    Redeclaring text symbol \textnumero (encoding TS1) on input line 156.
LaTeX Encoding Info:    Redeclaring text symbol \textdiscount (encoding TS1) on input line 157.
LaTeX Encoding Info:    Redeclaring text symbol \textestimated (encoding TS1) on input line 158.
LaTeX Encoding Info:    Redeclaring text symbol \textopenbullet (encoding TS1) on input line 159.
LaTeX Encoding Info:    Redeclaring text symbol \textservicemark (encoding TS1) on input line 160.
LaTeX Encoding Info:    Redeclaring text symbol \textlquill (encoding TS1) on input line 161.
LaTeX Encoding Info:    Redeclaring text symbol \textrquill (encoding TS1) on input line 162.
LaTeX Encoding Info:    Redeclaring text symbol \textcent (encoding TS1) on input line 163.
LaTeX Encoding Info:    Redeclaring text symbol \textsterling (encoding TS1) on input line 164.
LaTeX Encoding Info:    Redeclaring text symbol \textcurrency (encoding TS1) on input line 165.
LaTeX Encoding Info:    Redeclaring text symbol \textyen (encoding TS1) on input line 166.
LaTeX Encoding Info:    Redeclaring text symbol \textbrokenbar (encoding TS1) on input line 167.
LaTeX Encoding Info:    Redeclaring text symbol \textsection (encoding TS1) on input line 168.
LaTeX Encoding Info:    Redeclaring text symbol \textasciidieresis (encoding TS1) on input line 169.
LaTeX Encoding Info:    Redeclaring text symbol \textcopyright (encoding TS1) on input line 170.
LaTeX Encoding Info:    Redeclaring text symbol \textordfeminine (encoding TS1) on input line 171.
LaTeX Encoding Info:    Redeclaring text symbol \textcopyleft (encoding TS1) on input line 172.
LaTeX Encoding Info:    Redeclaring text symbol \textlnot (encoding TS1) on input line 173.
LaTeX Encoding Info:    Redeclaring text symbol \textcircledP (encoding TS1) on input line 174.
LaTeX Encoding Info:    Redeclaring text symbol \textregistered (encoding TS1) on input line 175.
LaTeX Encoding Info:    Redeclaring text symbol \textasciimacron (encoding TS1) on input line 176.
LaTeX Encoding Info:    Redeclaring text symbol \textdegree (encoding TS1) on input line 177.
LaTeX Encoding Info:    Redeclaring text symbol \textpm (encoding TS1) on input line 178.
LaTeX Encoding Info:    Redeclaring text symbol \texttwosuperior (encoding TS1) on input line 179.
LaTeX Encoding Info:    Redeclaring text symbol \textthreesuperior (encoding TS1) on input line 180.
LaTeX Encoding Info:    Redeclaring text symbol \textasciiacute (encoding TS1) on input line 181.
LaTeX Encoding Info:    Redeclaring text symbol \textmu (encoding TS1) on input line 182.
LaTeX Encoding Info:    Redeclaring text symbol \textparagraph (encoding TS1) on input line 183.
LaTeX Encoding Info:    Redeclaring text symbol \textperiodcentered (encoding TS1) on input line 184.
LaTeX Encoding Info:    Redeclaring text symbol \textreferencemark (encoding TS1) on input line 185.
LaTeX Encoding Info:    Redeclaring text symbol \textonesuperior (encoding TS1) on input line 186.
LaTeX Encoding Info:    Redeclaring text symbol \textordmasculine (encoding TS1) on input line 187.
LaTeX Encoding Info:    Redeclaring text symbol \textsurd (encoding TS1) on input line 188.
LaTeX Encoding Info:    Redeclaring text symbol \textonequarter (encoding TS1) on input line 189.
LaTeX Encoding Info:    Redeclaring text symbol \textonehalf (encoding TS1) on input line 190.
LaTeX Encoding Info:    Redeclaring text symbol \textthreequarters (encoding TS1) on input line 191.
LaTeX Encoding Info:    Redeclaring text symbol \texteuro (encoding TS1) on input line 192.
LaTeX Encoding Info:    Redeclaring text symbol \texttimes (encoding TS1) on input line 193.
LaTeX Encoding Info:    Redeclaring text symbol \textdiv (encoding TS1) on input line 194.
))
\g__um_fam_int=\count308
\g__um_fonts_used_int=\count309
\l__um_primecount_int=\count310
\g__um_primekern_muskip=\muskip18
(c:/Users/otisr/AppData/Roaming/TinyTeX/texmf-dist/tex/latex/unicode-math/unicode-math-table.tex))) (c:/Users/otisr/AppData/Roaming/TinyTeX/texmf-dist/tex/latex/lm/lmodern.sty
Package: lmodern 2015/05/01 v1.6.1 Latin Modern Fonts
LaTeX Font Info:    Overwriting symbol font `operators' in version `normal'
(Font)                  OT1/cmr/m/n --> OT1/lmr/m/n on input line 22.
LaTeX Font Info:    Overwriting symbol font `letters' in version `normal'
(Font)                  OML/cmm/m/it --> OML/lmm/m/it on input line 23.
LaTeX Font Info:    Overwriting symbol font `symbols' in version `normal'
(Font)                  OMS/cmsy/m/n --> OMS/lmsy/m/n on input line 24.
LaTeX Font Info:    Overwriting symbol font `largesymbols' in version `normal'
(Font)                  OMX/cmex/m/n --> OMX/lmex/m/n on input line 25.
LaTeX Font Info:    Overwriting symbol font `operators' in version `bold'
(Font)                  OT1/cmr/bx/n --> OT1/lmr/bx/n on input line 26.
LaTeX Font Info:    Overwriting symbol font `letters' in version `bold'
(Font)                  OML/cmm/b/it --> OML/lmm/b/it on input line 27.
LaTeX Font Info:    Overwriting symbol font `symbols' in version `bold'
(Font)                  OMS/cmsy/b/n --> OMS/lmsy/b/n on input line 28.
LaTeX Font Info:    Overwriting symbol font `largesymbols' in version `bold'
(Font)                  OMX/cmex/m/n --> OMX/lmex/m/n on input line 29.
LaTeX Font Info:    Overwriting math alphabet `\mathbf' in version `normal'
(Font)                  OT1/cmr/bx/n --> OT1/lmr/bx/n on input line 31.
LaTeX Font Info:    Overwriting math alphabet `\mathsf' in version `normal'
(Font)                  OT1/cmss/m/n --> OT1/lmss/m/n on input line 32.
LaTeX Font Info:    Overwriting math alphabet `\mathit' in version `normal'
(Font)                  OT1/cmr/m/it --> OT1/lmr/m/it on input line 33.
LaTeX Font Info:    Overwriting math alphabet `\mathtt' in version `normal'
(Font)                  OT1/cmtt/m/n --> OT1/lmtt/m/n on input line 34.
LaTeX Font Info:    Overwriting math alphabet `\mathbf' in version `bold'
(Font)                  OT1/cmr/bx/n --> OT1/lmr/bx/n on input line 35.
LaTeX Font Info:    Overwriting math alphabet `\mathsf' in version `bold'
(Font)                  OT1/cmss/bx/n --> OT1/lmss/bx/n on input line 36.
LaTeX Font Info:    Overwriting math alphabet `\mathit' in version `bold'
(Font)                  OT1/cmr/bx/it --> OT1/lmr/bx/it on input line 37.
LaTeX Font Info:    Overwriting math alphabet `\mathtt' in version `bold'
(Font)                  OT1/cmtt/m/n --> OT1/lmtt/m/n on input line 38.
)

Package fontspec Info: 
(fontspec)             Times New Roman scale = 0.9636317752292291.


Package fontspec Info: 
(fontspec)             Times New Roman scale = 1.


Package fontspec Info: 
(fontspec)             Times New Roman scale = 0.9636317752292291.


Package fontspec Info: 
(fontspec)             Times New Roman scale = 1.


Package fontspec Info: 
(fontspec)             Times New Roman scale = 0.9636317752292291.


Package fontspec Info: 
(fontspec)             Times New Roman scale = 1.


Package fontspec Info: 
(fontspec)             Times New Roman/B scale = 0.9440488363220146.


Package fontspec Info: 
(fontspec)             Times New Roman/B scale = 1.


Package fontspec Info: 
(fontspec)             Times New Roman/B scale = 0.9440488363220146.


Package fontspec Info: 
(fontspec)             Times New Roman/B scale = 1.


Package fontspec Info: 
(fontspec)             Times New Roman/I scale = 1.001914461472678.


Package fontspec Info: 
(fontspec)             Times New Roman/I scale = 1.


Package fontspec Info: 
(fontspec)             Times New Roman/I scale = 1.001914461472678.


Package fontspec Info: 
(fontspec)             Times New Roman/I scale = 1.


Package fontspec Info: 
(fontspec)             Times New Roman/BI scale = 0.9818545443001809.


Package fontspec Info: 
(fontspec)             Times New Roman/BI scale = 1.


Package fontspec Info: 
(fontspec)             Times New Roman/BI scale = 0.9818545443001809.


Package fontspec Info: 
(fontspec)             Times New Roman/BI scale = 1.


Package fontspec Info: 
(fontspec)             Font family 'TimesNewRoman(0)' created for font 'Times
(fontspec)             New Roman' with options
(fontspec)             [Scale=MatchLowercase,Ligatures=TeX,Scale=1].
(fontspec)              
(fontspec)              This font family consists of the following NFSS
(fontspec)             series/shapes:
(fontspec)              
(fontspec)             - 'normal' (m/n) with NFSS spec.: <->s*[1]"Times New
(fontspec)             Roman/OT:script=latn;language=dflt;mapping=tex-text;"
(fontspec)             - 'small caps'  (m/sc) with NFSS spec.: <->s*[1]"Times
(fontspec)             New
(fontspec)             Roman/OT:script=latn;language=dflt;+smcp;mapping=tex-text;"
(fontspec)             - 'bold' (b/n) with NFSS spec.: <->s*[1]"Times New
(fontspec)             Roman/B/OT:script=latn;language=dflt;mapping=tex-text;"
(fontspec)             - 'bold small caps'  (b/sc) with NFSS spec.:
(fontspec)             <->s*[1]"Times New
(fontspec)             Roman/B/OT:script=latn;language=dflt;+smcp;mapping=tex-text;"
(fontspec)             - 'italic' (m/it) with NFSS spec.: <->s*[1]"Times New
(fontspec)             Roman/I/OT:script=latn;language=dflt;mapping=tex-text;"
(fontspec)             - 'italic small caps'  (m/scit) with NFSS spec.:
(fontspec)             <->s*[1]"Times New
(fontspec)             Roman/I/OT:script=latn;language=dflt;+smcp;mapping=tex-text;"
(fontspec)             - 'bold italic' (b/it) with NFSS spec.: <->s*[1]"Times
(fontspec)             New
(fontspec)             Roman/BI/OT:script=latn;language=dflt;mapping=tex-text;"
(fontspec)             - 'bold italic small caps'  (b/scit) with NFSS spec.:
(fontspec)             <->s*[1]"Times New
(fontspec)             Roman/BI/OT:script=latn;language=dflt;+smcp;mapping=tex-text;"

LaTeX Font Info:    Font shape `TU/TimesNewRoman(0)/m/n' will be
(Font)              scaled to size 10.95pt on input line 28.

Package fontspec Info: 
(fontspec)             Times New Roman scale = 0.9999968844149086.


Package fontspec Info: 
(fontspec)             Times New Roman scale = 0.9999968844149086.


Package fontspec Info: 
(fontspec)             Times New Roman scale = 0.9999968844149086.


Package fontspec Info: 
(fontspec)             Times New Roman/B scale = 0.9796749332315911.


Package fontspec Info: 
(fontspec)             Times New Roman/B scale = 0.9796749332315911.


Package fontspec Info: 
(fontspec)             Times New Roman/I scale = 1.039724265718182.


Package fontspec Info: 
(fontspec)             Times New Roman/I scale = 1.039724265718182.


Package fontspec Info: 
(fontspec)             Times New Roman/BI scale = 1.018907336275039.


Package fontspec Info: 
(fontspec)             Times New Roman/BI scale = 1.018907336275039.


Package fontspec Info: 
(fontspec)             Font family 'TimesNewRoman(1)' created for font 'Times
(fontspec)             New Roman' with options [Scale=MatchLowercase].
(fontspec)              
(fontspec)              This font family consists of the following NFSS
(fontspec)             series/shapes:
(fontspec)              
(fontspec)             - 'normal' (m/n) with NFSS spec.:
(fontspec)             <->s*[0.9999968844149086]"Times New
(fontspec)             Roman/OT:script=latn;language=dflt;"
(fontspec)             - 'small caps'  (m/sc) with NFSS spec.:
(fontspec)             <->s*[0.9999968844149086]"Times New
(fontspec)             Roman/OT:script=latn;language=dflt;+smcp;"
(fontspec)             - 'bold' (b/n) with NFSS spec.:
(fontspec)             <->s*[0.9796749332315911]"Times New
(fontspec)             Roman/B/OT:script=latn;language=dflt;"
(fontspec)             - 'bold small caps'  (b/sc) with NFSS spec.:
(fontspec)             <->s*[0.9796749332315911]"Times New
(fontspec)             Roman/B/OT:script=latn;language=dflt;+smcp;"
(fontspec)             - 'italic' (m/it) with NFSS spec.:
(fontspec)             <->s*[1.039724265718182]"Times New
(fontspec)             Roman/I/OT:script=latn;language=dflt;"
(fontspec)             - 'italic small caps'  (m/scit) with NFSS spec.:
(fontspec)             <->s*[1.039724265718182]"Times New
(fontspec)             Roman/I/OT:script=latn;language=dflt;+smcp;"
(fontspec)             - 'bold italic' (b/it) with NFSS spec.:
(fontspec)             <->s*[1.018907336275039]"Times New
(fontspec)             Roman/BI/OT:script=latn;language=dflt;"
(fontspec)             - 'bold italic small caps'  (b/scit) with NFSS spec.:
(fontspec)             <->s*[1.018907336275039]"Times New
(fontspec)             Roman/BI/OT:script=latn;language=dflt;+smcp;"

LaTeX Font Info:    Overwriting math alphabet `\mathrm' in version `normal'
(Font)                  OT1/lmr/m/n --> TU/TimesNewRoman(1)/m/n on input line 28.
LaTeX Font Info:    Overwriting math alphabet `\mathit' in version `normal'
(Font)                  OT1/lmr/m/it --> TU/TimesNewRoman(1)/m/it on input line 28.
LaTeX Font Info:    Overwriting math alphabet `\mathbf' in version `normal'
(Font)                  OT1/lmr/bx/n --> TU/TimesNewRoman(1)/b/n on input line 28.
(c:/Users/otisr/AppData/Roaming/TinyTeX/texmf-dist/tex/latex/upquote/upquote.sty
Package: upquote 2012/04/19 v1.3 upright-quote and grave-accent glyphs in verbatim
(c:/Users/otisr/AppData/Roaming/TinyTeX/texmf-dist/tex/latex/base/textcomp.sty
Package: textcomp 2024/04/24 v2.1b Standard LaTeX package
)) (c:/Users/otisr/AppData/Roaming/TinyTeX/texmf-dist/tex/latex/microtype/microtype.sty
Package: microtype 2026/03/01 v3.2d Micro-typographical refinements (RS)
(c:/Users/otisr/AppData/Roaming/TinyTeX/texmf-dist/tex/latex/etoolbox/etoolbox.sty
Package: etoolbox 2025/10/02 v2.5m e-TeX tools for LaTeX (JAW)
\etb@tempcnta=\count311
)
\MT@toks=\toks23
\MT@tempbox=\box57
\MT@count=\count312
LaTeX Info: Redefining \noprotrusionifhmode on input line 1084.
LaTeX Info: Redefining \leftprotrusion on input line 1085.
\MT@prot@toks=\toks24
LaTeX Info: Redefining \rightprotrusion on input line 1104.
LaTeX Info: Redefining \textls on input line 1449.
\MT@outer@kern=\dimen163
LaTeX Info: Redefining \microtypecontext on input line 2053.
LaTeX Info: Redefining \textmicrotypecontext on input line 2070.
\MT@listname@count=\count313
(c:/Users/otisr/AppData/Roaming/TinyTeX/texmf-dist/tex/latex/microtype/microtype-xetex.def
File: microtype-xetex.def 2026/03/01 v3.2d Definitions specific to xetex (RS)
LaTeX Info: Redefining \lsstyle on input line 443.
LaTeX Info: Redefining \lslig on input line 451.
\MT@outer@space=\skip68
)
Package microtype Info: Loading configuration file microtype.cfg.
(c:/Users/otisr/AppData/Roaming/TinyTeX/texmf-dist/tex/latex/microtype/microtype.cfg
File: microtype.cfg 2026/03/01 v3.2d microtype main configuration file (RS)
)
LaTeX Info: Redefining \microtypesetup on input line 3065.
) (c:/Users/otisr/AppData/Roaming/TinyTeX/texmf-dist/tex/latex/tools/longtable.sty
Package: longtable 2026-01-28 v4.27 Multi-page Table package (DPC)
\LTleft=\skip69
\LTright=\skip70
\LTpre=\skip71
\LTpost=\skip72
\LTchunksize=\count314
\LTcapwidth=\dimen164
\LT@head=\box58
\LT@firsthead=\box59
\LT@foot=\box60
\LT@lastfoot=\box61
\LT@gbox=\box62
\LT@cols=\count315
\LT@rows=\count316
\c@LT@tables=\count317
\c@LT@chunks=\count318
\LT@p@ftn=\toks25
)
Class scrartcl Info: longtable captions redefined on input line 71.
(c:/Users/otisr/AppData/Roaming/TinyTeX/texmf-dist/tex/latex/booktabs/booktabs.sty
Package: booktabs 2020/01/12 v1.61803398 Publication quality tables
\heavyrulewidth=\dimen165
\lightrulewidth=\dimen166
\cmidrulewidth=\dimen167
\belowrulesep=\dimen168
\belowbottomsep=\dimen169
\aboverulesep=\dimen170
\abovetopsep=\dimen171
\cmidrulesep=\dimen172
\cmidrulekern=\dimen173
\defaultaddspace=\dimen174
\@cmidla=\count319
\@cmidlb=\count320
\@aboverulesep=\dimen175
\@belowrulesep=\dimen176
\@thisruleclass=\count321
\@lastruleclass=\count322
\@thisrulewidth=\dimen177
) (c:/Users/otisr/AppData/Roaming/TinyTeX/texmf-dist/tex/latex/tools/array.sty
Package: array 2026/02/24 v2.7b Tabular extension package (FMi)
\col@sep=\dimen178
\ar@mcellbox=\box63
\extrarowheight=\dimen179
\NC@list=\toks26
\extratabsurround=\skip73
\backup@length=\skip74
\ar@cellbox=\box64
)
\c@none=\count323
(c:/Users/otisr/AppData/Roaming/TinyTeX/texmf-dist/tex/latex/tools/calc.sty
Package: calc 2025/03/01 v4.3b Infix arithmetic (KKT,FJ)
\calc@Acount=\count324
\calc@Bcount=\count325
\calc@Adimen=\dimen180
\calc@Bdimen=\dimen181
\calc@Askip=\skip75
\calc@Bskip=\skip76
LaTeX Info: Redefining \setlength on input line 86.
LaTeX Info: Redefining \addtolength on input line 87.
\calc@Ccount=\count326
\calc@Cskip=\skip77
) (c:/Users/otisr/AppData/Roaming/TinyTeX/texmf-dist/tex/latex/mdwtools/footnote.sty
Package: footnote 1997/01/28 1.13 Save footnotes around boxes
\fn@notes=\box65
\fn@width=\dimen182
) (c:/Users/otisr/AppData/Roaming/TinyTeX/texmf-dist/tex/latex/graphics/graphicx.sty
Package: graphicx 2026-05-17 v1.2e Enhanced LaTeX Graphics (DPC,SPQR)
(c:/Users/otisr/AppData/Roaming/TinyTeX/texmf-dist/tex/latex/graphics/graphics.sty
Package: graphics 2026-05-17 v1.4h Standard LaTeX Graphics (DPC,SPQR)
(c:/Users/otisr/AppData/Roaming/TinyTeX/texmf-dist/tex/latex/graphics/trig.sty
Package: trig 2023/12/02 v1.11 sin cos tan (DPC)
) (c:/Users/otisr/AppData/Roaming/TinyTeX/texmf-dist/tex/latex/graphics-cfg/graphics.cfg
File: graphics.cfg 2016/06/04 v1.11 sample graphics configuration
)
Package graphics Info: Driver file: xetex.def on input line 106.
)
\Gin@req@height=\dimen183
\Gin@req@width=\dimen184
)
\pandoc@box=\box66
(c:/Users/otisr/AppData/Roaming/TinyTeX/texmf-dist/tex/latex/caption/caption.sty
Package: caption 2023/08/05 v3.6o Customizing captions (AR)

Package tocbasic Info: Loading of class-dependent code for package caption3
(tocbasic)             prevented on line 50.

(c:/Users/otisr/AppData/Roaming/TinyTeX/texmf-dist/tex/latex/caption/caption3.sty
Package: caption3 2023/07/31 v2.4d caption3 kernel (AR)
\caption@tempdima=\dimen185
\captionmargin=\dimen186
\caption@leftmargin=\dimen187
\caption@rightmargin=\dimen188
\caption@width=\dimen189
\caption@indent=\dimen190
\caption@parindent=\dimen191
\caption@hangindent=\dimen192
)
\c@caption@flags=\count327
\c@continuedfloat=\count328
Package caption Info: longtable package is loaded.
(c:/Users/otisr/AppData/Roaming/TinyTeX/texmf-dist/tex/latex/caption/ltcaption.sty
Package: ltcaption 2021/01/08 v1.4c longtable captions (AR)
)) (c:/Users/otisr/AppData/Roaming/TinyTeX/texmf-dist/tex/latex/float/float.sty
Package: float 2001/11/08 v1.3d Float enhancements (AL)
\c@float@type=\count329
\float@exts=\toks27
\float@box=\box67
\@float@everytoks=\toks28
\@floatcapt=\box68
)
\@float@every@codelisting=\toks29
\c@codelisting=\count330
(c:/Users/otisr/AppData/Roaming/TinyTeX/texmf-dist/tex/latex/caption/subcaption.sty
Package: subcaption 2023/07/28 v1.6b Sub-captions (AR)
Package caption Info: New subtype `subfigure' on input line 238.
\c@subfigure=\count331
Package caption Info: New subtype `subtable' on input line 238.
\c@subtable=\count332
) (c:/Users/otisr/AppData/Roaming/TinyTeX/texmf-dist/tex/latex/bookmark/bookmark.sty
Package: bookmark 2026-05-21 v1.32 PDF bookmarks (HO)
(c:/Users/otisr/AppData/Roaming/TinyTeX/texmf-dist/tex/latex/hyperref/hyperref.sty
Package: hyperref 2026-06-17 v7.01r Hypertext links for LaTeX
(c:/Users/otisr/AppData/Roaming/TinyTeX/texmf-dist/tex/latex/kvsetkeys/kvsetkeys.sty
Package: kvsetkeys 2022-10-05 v1.19 Key value parser (HO)
) (c:/Users/otisr/AppData/Roaming/TinyTeX/texmf-dist/tex/generic/kvdefinekeys/kvdefinekeys.sty
Package: kvdefinekeys 2019-12-19 v1.6 Define keys (HO)
) (c:/Users/otisr/AppData/Roaming/TinyTeX/texmf-dist/tex/generic/pdfescape/pdfescape.sty
Package: pdfescape 2019/12/09 v1.15 Implements pdfTeX's escape features (HO)
(c:/Users/otisr/AppData/Roaming/TinyTeX/texmf-dist/tex/generic/ltxcmds/ltxcmds.sty
Package: ltxcmds 2023-12-04 v1.26 LaTeX kernel commands for general use (HO)
) (c:/Users/otisr/AppData/Roaming/TinyTeX/texmf-dist/tex/generic/pdftexcmds/pdftexcmds.sty
Package: pdftexcmds 2020-06-27 v0.33 Utility functions of pdfTeX for LuaTeX (HO)
(c:/Users/otisr/AppData/Roaming/TinyTeX/texmf-dist/tex/generic/infwarerr/infwarerr.sty
Package: infwarerr 2019/12/03 v1.5 Providing info/warning/error messages (HO)
)
Package pdftexcmds Info: \pdf@primitive is available.
Package pdftexcmds Info: \pdf@ifprimitive is available.
Package pdftexcmds Info: \pdfdraftmode not found.
)) (c:/Users/otisr/AppData/Roaming/TinyTeX/texmf-dist/tex/latex/hycolor/hycolor.sty
Package: hycolor 2020-01-27 v1.10 Color options for hyperref/bookmark (HO)
) (c:/Users/otisr/AppData/Roaming/TinyTeX/texmf-dist/tex/latex/hyperref/nameref.sty
Package: nameref 2026-01-29 v2.58 Cross-referencing by name of section
(c:/Users/otisr/AppData/Roaming/TinyTeX/texmf-dist/tex/latex/refcount/refcount.sty
Package: refcount 2019/12/15 v3.6 Data extraction from label references (HO)
) (c:/Users/otisr/AppData/Roaming/TinyTeX/texmf-dist/tex/generic/gettitlestring/gettitlestring.sty
Package: gettitlestring 2019/12/15 v1.6 Cleanup title references (HO)
(c:/Users/otisr/AppData/Roaming/TinyTeX/texmf-dist/tex/latex/kvoptions/kvoptions.sty
Package: kvoptions 2022-06-15 v3.15 Key value format for package options (HO)
))
\c@section@level=\count333
) (c:/Users/otisr/AppData/Roaming/TinyTeX/texmf-dist/tex/generic/stringenc/stringenc.sty
Package: stringenc 2019/11/29 v1.12 Convert strings between diff. encodings (HO)
)
\@linkdim=\dimen193
\Hy@linkcounter=\count334
\Hy@pagecounter=\count335
(c:/Users/otisr/AppData/Roaming/TinyTeX/texmf-dist/tex/latex/hyperref/pd1enc.def
File: pd1enc.def 2026-06-17 v7.01r Hyperref: PDFDocEncoding definition (HO)
) (c:/Users/otisr/AppData/Roaming/TinyTeX/texmf-dist/tex/generic/intcalc/intcalc.sty
Package: intcalc 2019/12/15 v1.3 Expandable calculations with integers (HO)
)
\Hy@SavedSpaceFactor=\count336
(c:/Users/otisr/AppData/Roaming/TinyTeX/texmf-dist/tex/latex/hyperref/puenc.def
File: puenc.def 2026-06-17 v7.01r Hyperref: PDF Unicode definition (HO)
)
Package hyperref Info: Option `unicode' set `true' on input line 4070.
Package hyperref Info: Hyper figures OFF on input line 4199.
Package hyperref Info: Link nesting OFF on input line 4204.
Package hyperref Info: Hyper index ON on input line 4207.
Package hyperref Info: Plain pages OFF on input line 4214.
Package hyperref Info: Backreferencing OFF on input line 4219.
Package hyperref Info: Implicit mode ON; LaTeX internals redefined.
Package hyperref Info: Bookmarks ON on input line 4466.
\c@Hy@tempcnt=\count337
(c:/Users/otisr/AppData/Roaming/TinyTeX/texmf-dist/tex/latex/url/url.sty
\Urlmuskip=\muskip19
Package: url 2013/09/16  ver 3.4  Verb mode for urls, etc.
)
LaTeX Info: Redefining \url on input line 4805.
\XeTeXLinkMargin=\dimen194
(c:/Users/otisr/AppData/Roaming/TinyTeX/texmf-dist/tex/generic/bitset/bitset.sty
Package: bitset 2019/12/09 v1.3 Handle bit-vector datatype (HO)
(c:/Users/otisr/AppData/Roaming/TinyTeX/texmf-dist/tex/generic/bigintcalc/bigintcalc.sty
Package: bigintcalc 2019/12/15 v1.5 Expandable calculations on big integers (HO)
))
\Fld@menulength=\count338
\Field@Width=\dimen195
\Fld@charsize=\dimen196
Package hyperref Info: Hyper figures OFF on input line 6091.
Package hyperref Info: Link nesting OFF on input line 6096.
Package hyperref Info: Hyper index ON on input line 6099.
Package hyperref Info: backreferencing OFF on input line 6106.
Package hyperref Info: Link coloring OFF on input line 6111.
Package hyperref Info: Link coloring with OCG OFF on input line 6116.
Package hyperref Info: PDF/A mode OFF on input line 6121.
\Hy@abspage=\count339
\c@Item=\count340
\c@Hfootnote=\count341
)
Package hyperref Info: Driver (autodetected): hxetex.
(c:/Users/otisr/AppData/Roaming/TinyTeX/texmf-dist/tex/latex/hyperref/hxetex.def
File: hxetex.def 2026-06-17 v7.01r Hyperref driver for XeTeX
\pdfm@box=\box69
\c@Hy@AnnotLevel=\count342
\HyField@AnnotCount=\count343
\Fld@listcount=\count344
\c@bookmark@seq@number=\count345
(c:/Users/otisr/AppData/Roaming/TinyTeX/texmf-dist/tex/latex/rerunfilecheck/rerunfilecheck.sty
Package: rerunfilecheck 2025-06-21 v1.11 Rerun checks for auxiliary files (HO)
(c:/Users/otisr/AppData/Roaming/TinyTeX/texmf-dist/tex/generic/uniquecounter/uniquecounter.sty
Package: uniquecounter 2019/12/15 v1.4 Provide unlimited unique counter (HO)
)
Package uniquecounter Info: New unique counter `rerunfilecheck' on input line 284.
)
\Hy@SectionHShift=\skip78
) (c:/Users/otisr/AppData/Roaming/TinyTeX/texmf-dist/tex/latex/bookmark/bkm-xetex.def
File: bkm-xetex.def 2026-05-21 v1.32 bookmark driver for xetex (HO)
\BKM@id=\count346
))
Package hyperref Info: Option `colorlinks' set `true' on input line 163.
No file cv_summary.aux.
\openout1 = `cv_summary.aux'.

LaTeX Font Info:    Checking defaults for OML/cmm/m/it on input line 170.
LaTeX Font Info:    ... okay on input line 170.
LaTeX Font Info:    Checking defaults for OMS/cmsy/m/n on input line 170.
LaTeX Font Info:    ... okay on input line 170.
LaTeX Font Info:    Checking defaults for OT1/cmr/m/n on input line 170.
LaTeX Font Info:    ... okay on input line 170.
LaTeX Font Info:    Checking defaults for T1/cmr/m/n on input line 170.
LaTeX Font Info:    ... okay on input line 170.
LaTeX Font Info:    Checking defaults for TS1/cmr/m/n on input line 170.
LaTeX Font Info:    ... okay on input line 170.
LaTeX Font Info:    Checking defaults for TU/lmr/m/n on input line 170.
LaTeX Font Info:    ... okay on input line 170.
LaTeX Font Info:    Checking defaults for OMX/cmex/m/n on input line 170.
LaTeX Font Info:    ... okay on input line 170.
LaTeX Font Info:    Checking defaults for U/cmr/m/n on input line 170.
LaTeX Font Info:    ... okay on input line 170.
LaTeX Font Info:    Checking defaults for PD1/pdf/m/n on input line 170.
LaTeX Font Info:    ... okay on input line 170.
LaTeX Font Info:    Checking defaults for PU/pdf/m/n on input line 170.
LaTeX Font Info:    ... okay on input line 170.
Package scrbase Info: activating english \abstractname on input line 170.
Package scrbase Info: activating english \partname on input line 170.
Package scrbase Info: activating english \figurename on input line 170.
Package scrbase Info: activating english \tablename on input line 170.
Package scrbase Info: activating english \contentsname on input line 170.
Package scrbase Info: activating english \listfigurename on input line 170.
Package scrbase Info: activating english \listtablename on input line 170.
Package scrbase Info: activating english \refname on input line 170.
Package scrbase Info: activating english \indexname on input line 170.
LaTeX Font Info:    Overwriting math alphabet `\mathsf' in version `normal'
(Font)                  OT1/lmss/m/n --> TU/lmss/m/n on input line 170.
LaTeX Font Info:    Overwriting math alphabet `\mathsf' in version `bold'
(Font)                  OT1/lmss/bx/n --> TU/lmss/b/n on input line 170.
LaTeX Font Info:    Overwriting math alphabet `\mathtt' in version `normal'
(Font)                  OT1/lmtt/m/n --> TU/lmtt/m/n on input line 170.
LaTeX Font Info:    Overwriting math alphabet `\mathtt' in version `bold'
(Font)                  OT1/lmtt/m/n --> TU/lmtt/b/n on input line 170.

Package fontspec Info: 
(fontspec)             latinmodern-math scale = 1.03773420197546.


Package fontspec Info: 
(fontspec)             latinmodern-math scale = 1.03773420197546.


Package fontspec Info: 
(fontspec)             latinmodern-math scale = 1.03773420197546.


Package fontspec Info: 
(fontspec)             Font family 'latinmodern-math.otf(0)' created for font
(fontspec)             'latinmodern-math.otf' with options
(fontspec)             [Scale=MatchLowercase,BoldItalicFont={},ItalicFont={},SmallCapsFont={},Script=Math,BoldFont={latinmodern-math.otf}].
(fontspec)              
(fontspec)              This font family consists of the following NFSS
(fontspec)             series/shapes:
(fontspec)              
(fontspec)             - 'normal' (m/n) with NFSS spec.:
(fontspec)             <->s*[1.03773420197546]"[latinmodern-math.otf]/OT:script=math;language=dflt;"
(fontspec)             - 'bold' (b/n) with NFSS spec.:
(fontspec)             <->s*[1.03773420197546]"[latinmodern-math.otf]/OT:script=math;language=dflt;"

LaTeX Font Info:    Font shape `TU/latinmodern-math.otf(0)/m/n' will be
(Font)              scaled to size 11.36319pt on input line 170.

Package fontspec Info: 
(fontspec)             latinmodern-math scale = 1.03773420197546.


Package fontspec Info: 
(fontspec)             latinmodern-math scale = 1.03773420197546.


Package fontspec Info: 
(fontspec)             latinmodern-math scale = 1.03773420197546.


Package fontspec Info: 
(fontspec)             latinmodern-math scale = 1.03773420197546.


Package fontspec Info: 
(fontspec)             latinmodern-math scale = 1.03773420197546.


Package fontspec Info: 
(fontspec)             Font family 'latinmodern-math.otf(1)' created for font
(fontspec)             'latinmodern-math.otf' with options
(fontspec)             [Scale=MatchLowercase,BoldItalicFont={},ItalicFont={},SmallCapsFont={},Script=Math,SizeFeatures={{Size=9.3075-},{Size=6.57-9.3075,Font=latinmodern-math.otf,Style=MathScript},{Size=-6.57,Font=latinmodern-math.otf,Style=MathScriptScript}},BoldFont={latinmodern-math.otf}].
(fontspec)              
(fontspec)              This font family consists of the following NFSS
(fontspec)             series/shapes:
(fontspec)              
(fontspec)             - 'normal' (m/n) with NFSS spec.:
(fontspec)             <9.3075->s*[1.03773420197546]"[latinmodern-math.otf]/OT:script=math;language=dflt;"<6.57-9.3075>s*[1.03773420197546]"[latinmodern-math.otf]/OT:script=math;language=dflt;+ssty=0;"<-6.57>s*[1.03773420197546]"[latinmodern-math.otf]/OT:script=math;language=dflt;+ssty=1;"
(fontspec)             - 'bold' (b/n) with NFSS spec.:
(fontspec)             <->s*[1.03773420197546]"[latinmodern-math.otf]/OT:script=math;language=dflt;"

LaTeX Font Info:    Font shape `TU/latinmodern-math.otf(1)/m/n' will be
(Font)              scaled to size 11.36319pt on input line 170.
LaTeX Font Info:    Encoding `OT1' has changed to `TU' for symbol font
(Font)              `operators' in the math version `normal' on input line 170.
LaTeX Font Info:    Overwriting symbol font `operators' in version `normal'
(Font)                  OT1/lmr/m/n --> TU/latinmodern-math.otf(1)/m/n on input line 170.
LaTeX Font Info:    Encoding `OT1' has changed to `TU' for symbol font
(Font)              `operators' in the math version `bold' on input line 170.
LaTeX Font Info:    Overwriting symbol font `operators' in version `bold'
(Font)                  OT1/lmr/bx/n --> TU/latinmodern-math.otf(1)/b/n on input line 170.

Package fontspec Info: 
(fontspec)             latinmodern-math scale = 1.03773420197546.


Package fontspec Info: 
(fontspec)             latinmodern-math scale = 1.037837975395658.


Package fontspec Info: 
(fontspec)             latinmodern-math scale = 1.03773420197546.


Package fontspec Info: 
(fontspec)             latinmodern-math scale = 1.037837975395658.


Package fontspec Info: 
(fontspec)             latinmodern-math scale = 1.03773420197546.


Package fontspec Info: 
(fontspec)             latinmodern-math scale = 1.037837975395658.


Package fontspec Info: 
(fontspec)             latinmodern-math scale = 1.03773420197546.


Package fontspec Info: 
(fontspec)             latinmodern-math scale = 1.037837975395658.


Package fontspec Info: 
(fontspec)             latinmodern-math scale = 1.03773420197546.


Package fontspec Info: 
(fontspec)             latinmodern-math scale = 1.037837975395658.


Package fontspec Info: 
(fontspec)             Font family 'latinmodern-math.otf(2)' created for font
(fontspec)             'latinmodern-math.otf' with options
(fontspec)             [Scale=MatchLowercase,BoldItalicFont={},ItalicFont={},SmallCapsFont={},Script=Math,SizeFeatures={{Size=9.3075-},{Size=6.57-9.3075,Font=latinmodern-math.otf,Style=MathScript},{Size=-6.57,Font=latinmodern-math.otf,Style=MathScriptScript}},BoldFont={latinmodern-math.otf},ScaleAgain=1.0001,FontAdjustment={\fontdimen
(fontspec)             8\font =7.69289pt\relax \fontdimen 9\font
(fontspec)             =4.4771pt\relax \fontdimen 10\font =5.04526pt\relax
(fontspec)             \fontdimen 11\font =7.79515pt\relax \fontdimen 12\font
(fontspec)             =3.9203pt\relax \fontdimen 13\font =4.12483pt\relax
(fontspec)             \fontdimen 14\font =4.12483pt\relax \fontdimen 15\font
(fontspec)             =3.28397pt\relax \fontdimen 16\font =2.8067pt\relax
(fontspec)             \fontdimen 17\font =2.8067pt\relax \fontdimen 18\font
(fontspec)             =2.8408pt\relax \fontdimen 19\font =2.27264pt\relax
(fontspec)             \fontdimen 22\font =2.8408pt\relax \fontdimen 20\font
(fontspec)             =0pt\relax \fontdimen 21\font =0pt\relax }].
(fontspec)              
(fontspec)              This font family consists of the following NFSS
(fontspec)             series/shapes:
(fontspec)              
(fontspec)             - 'normal' (m/n) with NFSS spec.:
(fontspec)             <9.3075->s*[1.037837975395658]"[latinmodern-math.otf]/OT:script=math;language=dflt;"<6.57-9.3075>s*[1.037837975395658]"[latinmodern-math.otf]/OT:script=math;language=dflt;+ssty=0;"<-6.57>s*[1.037837975395658]"[latinmodern-math.otf]/OT:script=math;language=dflt;+ssty=1;"
(fontspec)             - 'bold' (b/n) with NFSS spec.:
(fontspec)             <->s*[1.037837975395658]"[latinmodern-math.otf]/OT:script=math;language=dflt;"

LaTeX Font Info:    Encoding `OMS' has changed to `TU' for symbol font
(Font)              `symbols' in the math version `normal' on input line 170.
LaTeX Font Info:    Overwriting symbol font `symbols' in version `normal'
(Font)                  OMS/lmsy/m/n --> TU/latinmodern-math.otf(2)/m/n on input line 170.
LaTeX Font Info:    Encoding `OMS' has changed to `TU' for symbol font
(Font)              `symbols' in the math version `bold' on input line 170.
LaTeX Font Info:    Overwriting symbol font `symbols' in version `bold'
(Font)                  OMS/lmsy/b/n --> TU/latinmodern-math.otf(2)/b/n on input line 170.

Package fontspec Info: 
(fontspec)             latinmodern-math scale = 1.03773420197546.


Package fontspec Info: 
(fontspec)             latinmodern-math scale = 1.037630428555262.


Package fontspec Info: 
(fontspec)             latinmodern-math scale = 1.03773420197546.


Package fontspec Info: 
(fontspec)             latinmodern-math scale = 1.037630428555262.


Package fontspec Info: 
(fontspec)             latinmodern-math scale = 1.03773420197546.


Package fontspec Info: 
(fontspec)             latinmodern-math scale = 1.037630428555262.


Package fontspec Info: 
(fontspec)             latinmodern-math scale = 1.03773420197546.


Package fontspec Info: 
(fontspec)             latinmodern-math scale = 1.037630428555262.


Package fontspec Info: 
(fontspec)             latinmodern-math scale = 1.03773420197546.


Package fontspec Info: 
(fontspec)             latinmodern-math scale = 1.037630428555262.


Package fontspec Info: 
(fontspec)             Font family 'latinmodern-math.otf(3)' created for font
(fontspec)             'latinmodern-math.otf' with options
(fontspec)             [Scale=MatchLowercase,BoldItalicFont={},ItalicFont={},SmallCapsFont={},Script=Math,SizeFeatures={{Size=9.3075-},{Size=6.57-9.3075,Font=latinmodern-math.otf,Style=MathScript},{Size=-6.57,Font=latinmodern-math.otf,Style=MathScriptScript}},BoldFont={latinmodern-math.otf},ScaleAgain=0.9999,FontAdjustment={\fontdimen
(fontspec)             8\font =0.45453pt\relax \fontdimen 9\font
(fontspec)             =2.27264pt\relax \fontdimen 10\font =1.89766pt\relax
(fontspec)             \fontdimen 11\font =1.2613pt\relax \fontdimen 12\font
(fontspec)             =6.81792pt\relax \fontdimen 13\font =0pt\relax }].
(fontspec)              
(fontspec)              This font family consists of the following NFSS
(fontspec)             series/shapes:
(fontspec)              
(fontspec)             - 'normal' (m/n) with NFSS spec.:
(fontspec)             <9.3075->s*[1.037630428555262]"[latinmodern-math.otf]/OT:script=math;language=dflt;"<6.57-9.3075>s*[1.037630428555262]"[latinmodern-math.otf]/OT:script=math;language=dflt;+ssty=0;"<-6.57>s*[1.037630428555262]"[latinmodern-math.otf]/OT:script=math;language=dflt;+ssty=1;"
(fontspec)             - 'bold' (b/n) with NFSS spec.:
(fontspec)             <->s*[1.037630428555262]"[latinmodern-math.otf]/OT:script=math;language=dflt;"

LaTeX Font Info:    Encoding `OMX' has changed to `TU' for symbol font
(Font)              `largesymbols' in the math version `normal' on input line 170.
LaTeX Font Info:    Overwriting symbol font `largesymbols' in version `normal'
(Font)                  OMX/lmex/m/n --> TU/latinmodern-math.otf(3)/m/n on input line 170.
LaTeX Font Info:    Encoding `OMX' has changed to `TU' for symbol font
(Font)              `largesymbols' in the math version `bold' on input line 170.
LaTeX Font Info:    Overwriting symbol font `largesymbols' in version `bold'
(Font)                  OMX/lmex/m/n --> TU/latinmodern-math.otf(3)/b/n on input line 170.
LaTeX Info: Redefining \microtypecontext on input line 170.
Package microtype Info: Applying patch `item' on input line 170.
Package microtype Info: Applying patch `toc' on input line 170.
Package microtype Info: Applying patch `eqnum' on input line 170.
Package microtype Info: Applying patch `footnote' on input line 170.
Package microtype Info: Applying patch `verbatim' on input line 170.
LaTeX Info: Redefining \microtypesetup on input line 170.
Package microtype Info: Character protrusion enabled (level 2).
Package microtype Info: Using protrusion set `basicmath'.
Package microtype Info: No adjustment of tracking.
Package microtype Info: No adjustment of spacing.
Package microtype Info: No adjustment of kerning.
Package microtype Info: Loading generic protrusion settings for font family
(microtype)             `TimesNewRoman' (encoding: TU).
(microtype)             For optimal results, create family-specific settings.
(microtype)             See the microtype manual for details.
Package caption Info: Begin \AtBeginDocument code.
Package caption Info: float package is loaded.
Package caption Info: hyperref package is loaded.
Package caption Info: End \AtBeginDocument code.
Package hyperref Info: Link coloring ON on input line 170.

Package hyperref Warning: Rerun to get /PageLabels entry.

Package microtype Info: Loading generic protrusion settings for font family
(microtype)             `lmss' (encoding: TU).
(microtype)             For optimal results, create family-specific settings.
(microtype)             See the microtype manual for details.
LaTeX Font Info:    Font shape `TU/TimesNewRoman(0)/m/n' will be
(Font)              scaled to size 14.4pt on input line 172.
LaTeX Font Info:    Font shape `TU/TimesNewRoman(0)/b/n' will be
(Font)              scaled to size 10.95pt on input line 178.
LaTeX Font Info:    Font shape `TU/latinmodern-math.otf(1)/m/n' will be
(Font)              scaled to size 7.95422pt on input line 178.
LaTeX Font Info:    Font shape `TU/latinmodern-math.otf(1)/m/n' will be
(Font)              scaled to size 5.6816pt on input line 178.
LaTeX Font Info:    Trying to load font information for OML+lmm on input line 178.
(c:/Users/otisr/AppData/Roaming/TinyTeX/texmf-dist/tex/latex/lm/omllmm.fd
File: omllmm.fd 2015/05/01 v1.6.1 Font defs for Latin Modern
)
LaTeX Font Info:    Font shape `TU/latinmodern-math.otf(2)/m/n' will be
(Font)              scaled to size 11.36435pt on input line 178.
LaTeX Font Info:    Font shape `TU/latinmodern-math.otf(2)/m/n' will be
(Font)              scaled to size 7.95505pt on input line 178.
LaTeX Font Info:    Font shape `TU/latinmodern-math.otf(2)/m/n' will be
(Font)              scaled to size 5.68219pt on input line 178.
LaTeX Font Info:    Font shape `TU/latinmodern-math.otf(3)/m/n' will be
(Font)              scaled to size 11.36201pt on input line 178.
LaTeX Font Info:    Font shape `TU/latinmodern-math.otf(3)/m/n' will be
(Font)              scaled to size 7.9534pt on input line 178.
LaTeX Font Info:    Font shape `TU/latinmodern-math.otf(3)/m/n' will be
(Font)              scaled to size 5.68102pt on input line 178.
LaTeX Font Info:    Trying to load font information for U+msa on input line 178.
(c:/Users/otisr/AppData/Roaming/TinyTeX/texmf-dist/tex/latex/amsfonts/umsa.fd
File: umsa.fd 2013/01/14 v3.01 AMS symbols A
) (c:/Users/otisr/AppData/Roaming/TinyTeX/texmf-dist/tex/latex/microtype/mt-msa.cfg
File: mt-msa.cfg 2006/02/04 v1.1 microtype config. file: AMS symbols (a) (RS)
)
LaTeX Font Info:    Trying to load font information for U+msb on input line 178.
(c:/Users/otisr/AppData/Roaming/TinyTeX/texmf-dist/tex/latex/amsfonts/umsb.fd
File: umsb.fd 2013/01/14 v3.01 AMS symbols B
) (c:/Users/otisr/AppData/Roaming/TinyTeX/texmf-dist/tex/latex/microtype/mt-msb.cfg
File: mt-msb.cfg 2005/06/01 v1.0 microtype config. file: AMS symbols (b) (RS)
)
LaTeX Font Info:    Font shape `TU/TimesNewRoman(1)/m/n' will be
(Font)              scaled to size 10.95pt on input line 179.
LaTeX Font Info:    Font shape `TU/TimesNewRoman(1)/m/n' will be
(Font)              scaled to size 7.665pt on input line 179.
LaTeX Font Info:    Font shape `TU/TimesNewRoman(1)/m/n' will be
(Font)              scaled to size 5.475pt on input line 179.
LaTeX Font Info:    Font shape `TU/TimesNewRoman(0)/m/it' will be
(Font)              scaled to size 10.95pt on input line 218.
[1


]
File: fig_density_sy5.png Graphic file (type bmp)
<fig_density_sy5.png>

Overfull \hbox (10.95355pt too wide) in paragraph at lines 245--246
[][] 
 []

[2] [3]
File: fig_density_fixed_sigma5.png Graphic file (type bmp)
<fig_density_fixed_sigma5.png>

Overfull \hbox (10.95355pt too wide) in paragraph at lines 311--312
[][] 
 []

[4]
File: fig_snr_lasso.png Graphic file (type bmp)
<fig_snr_lasso.png>
[5] [6]
Overfull \vbox (28.61287pt too high) has occurred while \output is active []

[7]
File: fig_axes_noise_overlap.png Graphic file (type bmp)
<fig_axes_noise_overlap.png>

LaTeX Warning: Float too large for page by 23.59898pt on input line 434.

[8] [9] [10] [11]
File: fig_picks_vs_opt.png Graphic file (type bmp)
<fig_picks_vs_opt.png>
File: fig_picks_grid.png Graphic file (type bmp)
<fig_picks_grid.png>
[12] [13]
Overfull \hbox (21.87576pt too wide) in paragraph at lines 909--910
 []\TU/TimesNewRoman(0)/m/n/10.95 sigma_y
 []


Overfull \hbox (31.13914pt too wide) in paragraph at lines 911--912
 []\TU/TimesNewRoman(0)/m/n/10.95 lambda_opt
 []


Overfull \hbox (10.7351pt too wide) in paragraph at lines 913--914
 \TU/TimesNewRoman(0)/m/n/10.95 bal.loss
 []


Overfull \hbox (1.29288pt too wide) in paragraph at lines 915--916
 \TU/TimesNewRoman(0)/m/n/10.95 mean
 []


Overfull \hbox (1.31425pt too wide) in paragraph at lines 915--916
 \TU/TimesNewRoman(0)/m/n/10.95 SMD
 []


Overfull \hbox (3.17601pt too wide) in paragraph at lines 919--920
 \TU/TimesNewRoman(0)/m/n/10.95 SMD
 []


Overfull \hbox (4.0796pt too wide) in paragraph at lines 927--927
 []|\TU/TimesNewRoman(0)/m/n/10.95 0.005|
 []


Overfull \hbox (2.21785pt too wide) in paragraph at lines 927--927
 []|\TU/TimesNewRoman(0)/m/n/10.95 0.069|
 []


Overfull \hbox (2.21785pt too wide) in paragraph at lines 927--927
 []|\TU/TimesNewRoman(0)/m/n/10.95 0.183|
 []


Overfull \hbox (4.0796pt too wide) in paragraph at lines 927--927
 []|\TU/TimesNewRoman(0)/m/n/10.95 0.149|
 []


Overfull \hbox (3.67325pt too wide) in paragraph at lines 928--928
 []|\TU/TimesNewRoman(0)/m/n/10.95 0.011|
 []


Overfull \hbox (2.21785pt too wide) in paragraph at lines 928--928
 []|\TU/TimesNewRoman(0)/m/n/10.95 0.068|
 []


Overfull \hbox (2.21785pt too wide) in paragraph at lines 928--928
 []|\TU/TimesNewRoman(0)/m/n/10.95 0.183|
 []


Overfull \hbox (4.0796pt too wide) in paragraph at lines 928--928
 []|\TU/TimesNewRoman(0)/m/n/10.95 0.144|
 []


Overfull \hbox (4.0796pt too wide) in paragraph at lines 929--929
 []|\TU/TimesNewRoman(0)/m/n/10.95 0.017|
 []


Overfull \hbox (2.21785pt too wide) in paragraph at lines 929--929
 []|\TU/TimesNewRoman(0)/m/n/10.95 0.067|
 []


Overfull \hbox (2.21785pt too wide) in paragraph at lines 929--929
 []|\TU/TimesNewRoman(0)/m/n/10.95 0.181|
 []


Overfull \hbox (4.0796pt too wide) in paragraph at lines 929--929
 []|\TU/TimesNewRoman(0)/m/n/10.95 0.150|
 []


Overfull \hbox (4.0796pt too wide) in paragraph at lines 930--930
 []|\TU/TimesNewRoman(0)/m/n/10.95 0.018|
 []


Overfull \hbox (2.21785pt too wide) in paragraph at lines 930--930
 []|\TU/TimesNewRoman(0)/m/n/10.95 0.067|
 []


Overfull \hbox (2.21785pt too wide) in paragraph at lines 930--930
 []|\TU/TimesNewRoman(0)/m/n/10.95 0.179|
 []


Overfull \hbox (4.0796pt too wide) in paragraph at lines 930--930
 []|\TU/TimesNewRoman(0)/m/n/10.95 0.148|
 []


Overfull \hbox (4.0796pt too wide) in paragraph at lines 931--931
 []|\TU/TimesNewRoman(0)/m/n/10.95 0.032|
 []


Overfull \hbox (2.21785pt too wide) in paragraph at lines 931--931
 []|\TU/TimesNewRoman(0)/m/n/10.95 0.067|
 []


Overfull \hbox (2.21785pt too wide) in paragraph at lines 931--931
 []|\TU/TimesNewRoman(0)/m/n/10.95 0.181|
 []


Overfull \hbox (4.0796pt too wide) in paragraph at lines 931--931
 []|\TU/TimesNewRoman(0)/m/n/10.95 0.145|
 []


Overfull \hbox (4.0796pt too wide) in paragraph at lines 932--932
 []|\TU/TimesNewRoman(0)/m/n/10.95 0.048|
 []


Overfull \hbox (2.21785pt too wide) in paragraph at lines 932--932
 []|\TU/TimesNewRoman(0)/m/n/10.95 0.068|
 []


Overfull \hbox (2.21785pt too wide) in paragraph at lines 932--932
 []|\TU/TimesNewRoman(0)/m/n/10.95 0.183|
 []


Overfull \hbox (4.0796pt too wide) in paragraph at lines 932--932
 []|\TU/TimesNewRoman(0)/m/n/10.95 0.147|
 []


Overfull \hbox (4.0796pt too wide) in paragraph at lines 933--933
 []|\TU/TimesNewRoman(0)/m/n/10.95 0.058|
 []


Overfull \hbox (2.21785pt too wide) in paragraph at lines 933--933
 []|\TU/TimesNewRoman(0)/m/n/10.95 0.068|
 []


Overfull \hbox (2.21785pt too wide) in paragraph at lines 933--933
 []|\TU/TimesNewRoman(0)/m/n/10.95 0.178|
 []


Overfull \hbox (4.0796pt too wide) in paragraph at lines 933--933
 []|\TU/TimesNewRoman(0)/m/n/10.95 0.145|
 []


Overfull \hbox (4.0796pt too wide) in paragraph at lines 934--934
 []|\TU/TimesNewRoman(0)/m/n/10.95 0.067|
 []


Overfull \hbox (2.21785pt too wide) in paragraph at lines 934--934
 []|\TU/TimesNewRoman(0)/m/n/10.95 0.068|
 []


Overfull \hbox (2.21785pt too wide) in paragraph at lines 934--934
 []|\TU/TimesNewRoman(0)/m/n/10.95 0.184|
 []


Overfull \hbox (4.0796pt too wide) in paragraph at lines 934--934
 []|\TU/TimesNewRoman(0)/m/n/10.95 0.147|
 []


Overfull \hbox (4.0796pt too wide) in paragraph at lines 935--935
 []|\TU/TimesNewRoman(0)/m/n/10.95 0.070|
 []


Overfull \hbox (2.21785pt too wide) in paragraph at lines 935--935
 []|\TU/TimesNewRoman(0)/m/n/10.95 0.068|
 []


Overfull \hbox (2.21785pt too wide) in paragraph at lines 935--935
 []|\TU/TimesNewRoman(0)/m/n/10.95 0.179|
 []


Overfull \hbox (4.0796pt too wide) in paragraph at lines 935--935
 []|\TU/TimesNewRoman(0)/m/n/10.95 0.145|
 []


Overfull \hbox (4.0796pt too wide) in paragraph at lines 936--936
 []|\TU/TimesNewRoman(0)/m/n/10.95 0.085|
 []


Overfull \hbox (2.21785pt too wide) in paragraph at lines 936--936
 []|\TU/TimesNewRoman(0)/m/n/10.95 0.067|
 []


Overfull \hbox (2.21785pt too wide) in paragraph at lines 936--936
 []|\TU/TimesNewRoman(0)/m/n/10.95 0.180|
 []


Overfull \hbox (4.0796pt too wide) in paragraph at lines 936--936
 []|\TU/TimesNewRoman(0)/m/n/10.95 0.145|
 []


Overfull \hbox (4.0796pt too wide) in paragraph at lines 937--937
 []|\TU/TimesNewRoman(0)/m/n/10.95 0.092|
 []


Overfull \hbox (2.21785pt too wide) in paragraph at lines 937--937
 []|\TU/TimesNewRoman(0)/m/n/10.95 0.068|
 []


Overfull \hbox (2.21785pt too wide) in paragraph at lines 937--937
 []|\TU/TimesNewRoman(0)/m/n/10.95 0.180|
 []


Overfull \hbox (4.0796pt too wide) in paragraph at lines 937--937
 []|\TU/TimesNewRoman(0)/m/n/10.95 0.146|
 []


Overfull \hbox (4.0796pt too wide) in paragraph at lines 938--938
 []|\TU/TimesNewRoman(0)/m/n/10.95 0.102|
 []


Overfull \hbox (2.21785pt too wide) in paragraph at lines 938--938
 []|\TU/TimesNewRoman(0)/m/n/10.95 0.069|
 []


Overfull \hbox (2.21785pt too wide) in paragraph at lines 938--938
 []|\TU/TimesNewRoman(0)/m/n/10.95 0.184|
 []


Overfull \hbox (4.0796pt too wide) in paragraph at lines 938--938
 []|\TU/TimesNewRoman(0)/m/n/10.95 0.145|
 []


Overfull \hbox (17.16173pt too wide) in paragraph at lines 957--958
 []\TU/TimesNewRoman(0)/m/n/10.95 c_prop
 []


Overfull \hbox (30.88275pt too wide) in paragraph at lines 959--960
 []\TU/TimesNewRoman(0)/m/n/10.95 lambda_opt
 []


Overfull \hbox (10.44868pt too wide) in paragraph at lines 961--962
 \TU/TimesNewRoman(0)/m/n/10.95 bal.loss
 []


Overfull \hbox (1.00645pt too wide) in paragraph at lines 963--964
 \TU/TimesNewRoman(0)/m/n/10.95 mean
 []


Overfull \hbox (1.02783pt too wide) in paragraph at lines 963--964
 \TU/TimesNewRoman(0)/m/n/10.95 SMD
 []


Overfull \hbox (2.91962pt too wide) in paragraph at lines 967--968
 \TU/TimesNewRoman(0)/m/n/10.95 SMD
 []


Overfull \hbox (3.82321pt too wide) in paragraph at lines 975--975
 []|\TU/TimesNewRoman(0)/m/n/10.95 0.005|
 []


Overfull \hbox (1.93143pt too wide) in paragraph at lines 975--975
 []|\TU/TimesNewRoman(0)/m/n/10.95 0.069|
 []


Overfull \hbox (1.93143pt too wide) in paragraph at lines 975--975
 []|\TU/TimesNewRoman(0)/m/n/10.95 0.183|
 []


Overfull \hbox (3.82321pt too wide) in paragraph at lines 975--975
 []|\TU/TimesNewRoman(0)/m/n/10.95 0.149|
 []


Overfull \hbox (3.82321pt too wide) in paragraph at lines 976--976
 []|\TU/TimesNewRoman(0)/m/n/10.95 0.014|
 []


Overfull \hbox (1.93143pt too wide) in paragraph at lines 976--976
 []|\TU/TimesNewRoman(0)/m/n/10.95 0.079|
 []


Overfull \hbox (1.93143pt too wide) in paragraph at lines 976--976
 []|\TU/TimesNewRoman(0)/m/n/10.95 0.244|
 []


Overfull \hbox (3.82321pt too wide) in paragraph at lines 976--976
 []|\TU/TimesNewRoman(0)/m/n/10.95 0.191|
 []


Overfull \hbox (3.82321pt too wide) in paragraph at lines 977--977
 []|\TU/TimesNewRoman(0)/m/n/10.95 0.026|
 []


Overfull \hbox (1.93143pt too wide) in paragraph at lines 977--977
 []|\TU/TimesNewRoman(0)/m/n/10.95 0.105|
 []


Overfull \hbox (1.93143pt too wide) in paragraph at lines 977--977
 []|\TU/TimesNewRoman(0)/m/n/10.95 0.326|
 []


Overfull \hbox (3.82321pt too wide) in paragraph at lines 977--977
 []|\TU/TimesNewRoman(0)/m/n/10.95 0.241|
 []


Overfull \hbox (3.82321pt too wide) in paragraph at lines 978--978
 []|\TU/TimesNewRoman(0)/m/n/10.95 0.061|
 []


Overfull \hbox (1.93143pt too wide) in paragraph at lines 978--978
 []|\TU/TimesNewRoman(0)/m/n/10.95 0.132|
 []


Overfull \hbox (1.93143pt too wide) in paragraph at lines 978--978
 []|\TU/TimesNewRoman(0)/m/n/10.95 0.385|
 []


Overfull \hbox (3.82321pt too wide) in paragraph at lines 978--978
 []|\TU/TimesNewRoman(0)/m/n/10.95 0.276|
 []


Overfull \hbox (3.82321pt too wide) in paragraph at lines 979--979
 []|\TU/TimesNewRoman(0)/m/n/10.95 0.092|
 []


Overfull \hbox (1.93143pt too wide) in paragraph at lines 979--979
 []|\TU/TimesNewRoman(0)/m/n/10.95 0.153|
 []


Overfull \hbox (1.93143pt too wide) in paragraph at lines 979--979
 []|\TU/TimesNewRoman(0)/m/n/10.95 0.419|
 []


Overfull \hbox (3.82321pt too wide) in paragraph at lines 979--979
 []|\TU/TimesNewRoman(0)/m/n/10.95 0.302|
 []


Overfull \hbox (3.41685pt too wide) in paragraph at lines 980--980
 []|\TU/TimesNewRoman(0)/m/n/10.95 0.116|
 []


Overfull \hbox (1.93143pt too wide) in paragraph at lines 980--980
 []|\TU/TimesNewRoman(0)/m/n/10.95 0.169|
 []


Overfull \hbox (1.93143pt too wide) in paragraph at lines 980--980
 []|\TU/TimesNewRoman(0)/m/n/10.95 0.445|
 []


Overfull \hbox (3.82321pt too wide) in paragraph at lines 980--980
 []|\TU/TimesNewRoman(0)/m/n/10.95 0.315|
 []


Overfull \hbox (3.82321pt too wide) in paragraph at lines 981--981
 []|\TU/TimesNewRoman(0)/m/n/10.95 0.168|
 []


Overfull \hbox (1.93143pt too wide) in paragraph at lines 981--981
 []|\TU/TimesNewRoman(0)/m/n/10.95 0.198|
 []


Overfull \hbox (1.93143pt too wide) in paragraph at lines 981--981
 []|\TU/TimesNewRoman(0)/m/n/10.95 0.463|
 []


Overfull \hbox (3.82321pt too wide) in paragraph at lines 981--981
 []|\TU/TimesNewRoman(0)/m/n/10.95 0.334|
 []


Overfull \hbox (3.82321pt too wide) in paragraph at lines 982--982
 []|\TU/TimesNewRoman(0)/m/n/10.95 0.199|
 []


Overfull \hbox (1.93143pt too wide) in paragraph at lines 982--982
 []|\TU/TimesNewRoman(0)/m/n/10.95 0.218|
 []


Overfull \hbox (1.93143pt too wide) in paragraph at lines 982--982
 []|\TU/TimesNewRoman(0)/m/n/10.95 0.480|
 []


Overfull \hbox (3.82321pt too wide) in paragraph at lines 982--982
 []|\TU/TimesNewRoman(0)/m/n/10.95 0.345|
 []


Overfull \hbox (3.82321pt too wide) in paragraph at lines 983--983
 []|\TU/TimesNewRoman(0)/m/n/10.95 0.185|
 []


Overfull \hbox (1.93143pt too wide) in paragraph at lines 983--983
 []|\TU/TimesNewRoman(0)/m/n/10.95 0.229|
 []


Overfull \hbox (1.93143pt too wide) in paragraph at lines 983--983
 []|\TU/TimesNewRoman(0)/m/n/10.95 0.488|
 []


Overfull \hbox (3.82321pt too wide) in paragraph at lines 983--983
 []|\TU/TimesNewRoman(0)/m/n/10.95 0.346|
 []


Overfull \hbox (3.82321pt too wide) in paragraph at lines 984--984
 []|\TU/TimesNewRoman(0)/m/n/10.95 0.242|
 []


Overfull \hbox (1.93143pt too wide) in paragraph at lines 984--984
 []|\TU/TimesNewRoman(0)/m/n/10.95 0.247|
 []


Overfull \hbox (1.93143pt too wide) in paragraph at lines 984--984
 []|\TU/TimesNewRoman(0)/m/n/10.95 0.495|
 []


Overfull \hbox (3.82321pt too wide) in paragraph at lines 984--984
 []|\TU/TimesNewRoman(0)/m/n/10.95 0.351|
 []


Overfull \hbox (5.91766pt too wide) in paragraph at lines 985--985
 []|\TU/TimesNewRoman(0)/m/n/10.95 16.0|
 []


Overfull \hbox (3.82321pt too wide) in paragraph at lines 985--985
 []|\TU/TimesNewRoman(0)/m/n/10.95 0.292|
 []


Overfull \hbox (1.93143pt too wide) in paragraph at lines 985--985
 []|\TU/TimesNewRoman(0)/m/n/10.95 0.265|
 []


Overfull \hbox (1.93143pt too wide) in paragraph at lines 985--985
 []|\TU/TimesNewRoman(0)/m/n/10.95 0.502|
 []


Overfull \hbox (3.82321pt too wide) in paragraph at lines 985--985
 []|\TU/TimesNewRoman(0)/m/n/10.95 0.354|
 []


Overfull \hbox (19.77147pt too wide) in paragraph at lines 1004--1005
 []\TU/TimesNewRoman(0)/m/n/10.95 sigma_y
 []


Overfull \hbox (28.2472pt too wide) in paragraph at lines 1006--1007
 []\TU/TimesNewRoman(0)/m/n/10.95 lambda_opt
 []


Overfull \hbox (5.4212pt too wide) in paragraph at lines 1008--1009
 \TU/TimesNewRoman(0)/m/n/10.95 change
 []


Overfull \hbox (9.5988pt too wide) in paragraph at lines 1010--1011
 []\TU/TimesNewRoman(0)/m/n/10.95 cv.inf
 []


Overfull \hbox (5.4212pt too wide) in paragraph at lines 1012--1013
 \TU/TimesNewRoman(0)/m/n/10.95 change
 []


Overfull \hbox (15.1734pt too wide) in paragraph at lines 1014--1015
 []\TU/TimesNewRoman(0)/m/n/10.95 boot.inf
 []


Overfull \hbox (5.4212pt too wide) in paragraph at lines 1016--1017
 \TU/TimesNewRoman(0)/m/n/10.95 change
 []


Overfull \hbox (19.77147pt too wide) in paragraph at lines 1022--1023
 []\TU/TimesNewRoman(0)/m/n/10.95 sigma_y
 []


Overfull \hbox (28.2472pt too wide) in paragraph at lines 1024--1025
 []\TU/TimesNewRoman(0)/m/n/10.95 lambda_opt
 []


Overfull \hbox (5.4212pt too wide) in paragraph at lines 1026--1027
 \TU/TimesNewRoman(0)/m/n/10.95 change
 []


Overfull \hbox (9.5988pt too wide) in paragraph at lines 1028--1029
 []\TU/TimesNewRoman(0)/m/n/10.95 cv.inf
 []


Overfull \hbox (5.4212pt too wide) in paragraph at lines 1030--1031
 \TU/TimesNewRoman(0)/m/n/10.95 change
 []


Overfull \hbox (15.1734pt too wide) in paragraph at lines 1032--1033
 []\TU/TimesNewRoman(0)/m/n/10.95 boot.inf
 []


Overfull \hbox (5.4212pt too wide) in paragraph at lines 1034--1035
 \TU/TimesNewRoman(0)/m/n/10.95 change
 []


Overfull \hbox (1.18765pt too wide) in paragraph at lines 1040--1040
 []|\TU/TimesNewRoman(0)/m/n/10.95 0.026|
 []


Overfull \hbox (9.71109pt too wide) in paragraph at lines 1040--1040
 []|\TU/TimesNewRoman(0)/m/n/10.95 0.241|
 []


Overfull \hbox (5.44244pt too wide) in paragraph at lines 1040--1040
 []|\TU/TimesNewRoman(0)/m/n/10.95 0.058|
 []


Overfull \hbox (1.18765pt too wide) in paragraph at lines 1041--1041
 []|\TU/TimesNewRoman(0)/m/n/10.95 0.039|
 []


Overfull \hbox (9.71109pt too wide) in paragraph at lines 1041--1041
 []|\TU/TimesNewRoman(0)/m/n/10.95 0.243|
 []


Overfull \hbox (5.44244pt too wide) in paragraph at lines 1041--1041
 []|\TU/TimesNewRoman(0)/m/n/10.95 0.057|
 []


Overfull \hbox (1.18765pt too wide) in paragraph at lines 1042--1042
 []|\TU/TimesNewRoman(0)/m/n/10.95 0.050|
 []


Overfull \hbox (9.71109pt too wide) in paragraph at lines 1042--1042
 []|\TU/TimesNewRoman(0)/m/n/10.95 0.247|
 []


Overfull \hbox (5.44244pt too wide) in paragraph at lines 1042--1042
 []|\TU/TimesNewRoman(0)/m/n/10.95 0.057|
 []


Overfull \hbox (1.18765pt too wide) in paragraph at lines 1043--1043
 []|\TU/TimesNewRoman(0)/m/n/10.95 0.057|
 []


Overfull \hbox (9.71109pt too wide) in paragraph at lines 1043--1043
 []|\TU/TimesNewRoman(0)/m/n/10.95 0.242|
 []


Overfull \hbox (5.44244pt too wide) in paragraph at lines 1043--1043
 []|\TU/TimesNewRoman(0)/m/n/10.95 0.056|
 []


Overfull \hbox (1.18765pt too wide) in paragraph at lines 1044--1044
 []|\TU/TimesNewRoman(0)/m/n/10.95 0.064|
 []


Overfull \hbox (9.71109pt too wide) in paragraph at lines 1044--1044
 []|\TU/TimesNewRoman(0)/m/n/10.95 0.243|
 []


Overfull \hbox (5.44244pt too wide) in paragraph at lines 1044--1044
 []|\TU/TimesNewRoman(0)/m/n/10.95 0.057|
 []


Overfull \hbox (1.18765pt too wide) in paragraph at lines 1045--1045
 []|\TU/TimesNewRoman(0)/m/n/10.95 0.081|
 []


Overfull \hbox (9.71109pt too wide) in paragraph at lines 1045--1045
 []|\TU/TimesNewRoman(0)/m/n/10.95 0.240|
 []


Overfull \hbox (5.44244pt too wide) in paragraph at lines 1045--1045
 []|\TU/TimesNewRoman(0)/m/n/10.95 0.056|
 []


Overfull \hbox (1.18765pt too wide) in paragraph at lines 1046--1046
 []|\TU/TimesNewRoman(0)/m/n/10.95 0.134|
 []


Overfull \hbox (9.71109pt too wide) in paragraph at lines 1046--1046
 []|\TU/TimesNewRoman(0)/m/n/10.95 0.243|
 []


Overfull \hbox (5.44244pt too wide) in paragraph at lines 1046--1046
 []|\TU/TimesNewRoman(0)/m/n/10.95 0.056|
 []


Overfull \hbox (19.77147pt too wide) in paragraph at lines 1064--1065
 []\TU/TimesNewRoman(0)/m/n/10.95 sigma_y
 []


Overfull \hbox (28.2472pt too wide) in paragraph at lines 1066--1067
 []\TU/TimesNewRoman(0)/m/n/10.95 lambda_opt
 []


Overfull \hbox (5.4212pt too wide) in paragraph at lines 1068--1069
 \TU/TimesNewRoman(0)/m/n/10.95 change
 []


Overfull \hbox (9.5988pt too wide) in paragraph at lines 1070--1071
 []\TU/TimesNewRoman(0)/m/n/10.95 cv.inf
 []


Overfull \hbox (5.4212pt too wide) in paragraph at lines 1072--1073
 \TU/TimesNewRoman(0)/m/n/10.95 change
 []


Overfull \hbox (15.1734pt too wide) in paragraph at lines 1074--1075
 []\TU/TimesNewRoman(0)/m/n/10.95 boot.inf
 []


Overfull \hbox (5.4212pt too wide) in paragraph at lines 1076--1077
 \TU/TimesNewRoman(0)/m/n/10.95 change
 []


Overfull \hbox (19.77147pt too wide) in paragraph at lines 1082--1083
 []\TU/TimesNewRoman(0)/m/n/10.95 sigma_y
 []


Overfull \hbox (28.2472pt too wide) in paragraph at lines 1084--1085
 []\TU/TimesNewRoman(0)/m/n/10.95 lambda_opt
 []


Overfull \hbox (5.4212pt too wide) in paragraph at lines 1086--1087
 \TU/TimesNewRoman(0)/m/n/10.95 change
 []


Overfull \hbox (9.5988pt too wide) in paragraph at lines 1088--1089
 []\TU/TimesNewRoman(0)/m/n/10.95 cv.inf
 []


Overfull \hbox (5.4212pt too wide) in paragraph at lines 1090--1091
 \TU/TimesNewRoman(0)/m/n/10.95 change
 []


Overfull \hbox (15.1734pt too wide) in paragraph at lines 1092--1093
 []\TU/TimesNewRoman(0)/m/n/10.95 boot.inf
 []


Overfull \hbox (5.4212pt too wide) in paragraph at lines 1094--1095
 \TU/TimesNewRoman(0)/m/n/10.95 change
 []


Overfull \hbox (1.18765pt too wide) in paragraph at lines 1100--1100
 []|\TU/TimesNewRoman(0)/m/n/10.95 0.092|
 []


Overfull \hbox (9.71109pt too wide) in paragraph at lines 1100--1100
 []|\TU/TimesNewRoman(0)/m/n/10.95 0.302|
 []


Overfull \hbox (5.44244pt too wide) in paragraph at lines 1100--1100
 []|\TU/TimesNewRoman(0)/m/n/10.95 0.191|
 []


Overfull \hbox (1.18765pt too wide) in paragraph at lines 1101--1101
 []|\TU/TimesNewRoman(0)/m/n/10.95 0.125|
 []


Overfull \hbox (9.71109pt too wide) in paragraph at lines 1101--1101
 []|\TU/TimesNewRoman(0)/m/n/10.95 0.301|
 []


Overfull \hbox (5.44244pt too wide) in paragraph at lines 1101--1101
 []|\TU/TimesNewRoman(0)/m/n/10.95 0.187|
 []


Overfull \hbox (1.18765pt too wide) in paragraph at lines 1102--1102
 []|\TU/TimesNewRoman(0)/m/n/10.95 0.090|
 []


Overfull \hbox (9.71109pt too wide) in paragraph at lines 1102--1102
 []|\TU/TimesNewRoman(0)/m/n/10.95 0.302|
 []


Overfull \hbox (5.44244pt too wide) in paragraph at lines 1102--1102
 []|\TU/TimesNewRoman(0)/m/n/10.95 0.190|
 []


Overfull \hbox (0.7813pt too wide) in paragraph at lines 1103--1103
 []|\TU/TimesNewRoman(0)/m/n/10.95 0.119|
 []


Overfull \hbox (9.71109pt too wide) in paragraph at lines 1103--1103
 []|\TU/TimesNewRoman(0)/m/n/10.95 0.302|
 []


Overfull \hbox (5.44244pt too wide) in paragraph at lines 1103--1103
 []|\TU/TimesNewRoman(0)/m/n/10.95 0.187|
 []


Overfull \hbox (1.18765pt too wide) in paragraph at lines 1104--1104
 []|\TU/TimesNewRoman(0)/m/n/10.95 0.122|
 []


Overfull \hbox (9.71109pt too wide) in paragraph at lines 1104--1104
 []|\TU/TimesNewRoman(0)/m/n/10.95 0.301|
 []


Overfull \hbox (5.44244pt too wide) in paragraph at lines 1104--1104
 []|\TU/TimesNewRoman(0)/m/n/10.95 0.186|
 []


Overfull \hbox (1.18765pt too wide) in paragraph at lines 1105--1105
 []|\TU/TimesNewRoman(0)/m/n/10.95 0.173|
 []


Overfull \hbox (9.71109pt too wide) in paragraph at lines 1105--1105
 []|\TU/TimesNewRoman(0)/m/n/10.95 0.301|
 []


Overfull \hbox (5.44244pt too wide) in paragraph at lines 1105--1105
 []|\TU/TimesNewRoman(0)/m/n/10.95 0.188|
 []


Overfull \hbox (1.18765pt too wide) in paragraph at lines 1106--1106
 []|\TU/TimesNewRoman(0)/m/n/10.95 0.218|
 []


Overfull \hbox (9.71109pt too wide) in paragraph at lines 1106--1106
 []|\TU/TimesNewRoman(0)/m/n/10.95 0.300|
 []


Overfull \hbox (5.44244pt too wide) in paragraph at lines 1106--1106
 []|\TU/TimesNewRoman(0)/m/n/10.95 0.189|
 []


Overfull \hbox (15.26764pt too wide) in paragraph at lines 1124--1125
 []\TU/TimesNewRoman(0)/m/n/10.95 c_prop
 []


Overfull \hbox (27.91457pt too wide) in paragraph at lines 1126--1127
 []\TU/TimesNewRoman(0)/m/n/10.95 lambda_opt
 []


Overfull \hbox (5.05856pt too wide) in paragraph at lines 1128--1129
 \TU/TimesNewRoman(0)/m/n/10.95 change
 []


Overfull \hbox (9.38629pt too wide) in paragraph at lines 1130--1131
 []\TU/TimesNewRoman(0)/m/n/10.95 cv.inf
 []


Overfull \hbox (5.05856pt too wide) in paragraph at lines 1132--1133
 \TU/TimesNewRoman(0)/m/n/10.95 change
 []


Overfull \hbox (14.90083pt too wide) in paragraph at lines 1134--1135
 []\TU/TimesNewRoman(0)/m/n/10.95 boot.inf
 []


Overfull \hbox (5.05856pt too wide) in paragraph at lines 1136--1137
 \TU/TimesNewRoman(0)/m/n/10.95 change
 []


Overfull \hbox (15.26764pt too wide) in paragraph at lines 1142--1143
 []\TU/TimesNewRoman(0)/m/n/10.95 c_prop
 []


Overfull \hbox (27.91457pt too wide) in paragraph at lines 1144--1145
 []\TU/TimesNewRoman(0)/m/n/10.95 lambda_opt
 []


Overfull \hbox (5.05856pt too wide) in paragraph at lines 1146--1147
 \TU/TimesNewRoman(0)/m/n/10.95 change
 []


Overfull \hbox (9.38629pt too wide) in paragraph at lines 1148--1149
 []\TU/TimesNewRoman(0)/m/n/10.95 cv.inf
 []


Overfull \hbox (5.05856pt too wide) in paragraph at lines 1150--1151
 \TU/TimesNewRoman(0)/m/n/10.95 change
 []


Overfull \hbox (14.90083pt too wide) in paragraph at lines 1152--1153
 []\TU/TimesNewRoman(0)/m/n/10.95 boot.inf
 []


Overfull \hbox (5.05856pt too wide) in paragraph at lines 1154--1155
 \TU/TimesNewRoman(0)/m/n/10.95 change
 []


Overfull \hbox (0.85503pt too wide) in paragraph at lines 1160--1160
 []|\TU/TimesNewRoman(0)/m/n/10.95 0.005|
 []


Overfull \hbox (9.49858pt too wide) in paragraph at lines 1160--1160
 []|\TU/TimesNewRoman(0)/m/n/10.95 0.149|
 []


Overfull \hbox (5.16988pt too wide) in paragraph at lines 1160--1160
 []|\TU/TimesNewRoman(0)/m/n/10.95 0.017|
 []


Overfull \hbox (0.85503pt too wide) in paragraph at lines 1161--1161
 []|\TU/TimesNewRoman(0)/m/n/10.95 0.014|
 []


Overfull \hbox (9.49858pt too wide) in paragraph at lines 1161--1161
 []|\TU/TimesNewRoman(0)/m/n/10.95 0.191|
 []


Overfull \hbox (5.16988pt too wide) in paragraph at lines 1161--1161
 []|\TU/TimesNewRoman(0)/m/n/10.95 0.027|
 []


Overfull \hbox (0.85503pt too wide) in paragraph at lines 1162--1162
 []|\TU/TimesNewRoman(0)/m/n/10.95 0.026|
 []


Overfull \hbox (9.49858pt too wide) in paragraph at lines 1162--1162
 []|\TU/TimesNewRoman(0)/m/n/10.95 0.241|
 []


Overfull \hbox (5.16988pt too wide) in paragraph at lines 1162--1162
 []|\TU/TimesNewRoman(0)/m/n/10.95 0.058|
 []


Overfull \hbox (0.85503pt too wide) in paragraph at lines 1163--1163
 []|\TU/TimesNewRoman(0)/m/n/10.95 0.061|
 []


Overfull \hbox (9.49858pt too wide) in paragraph at lines 1163--1163
 []|\TU/TimesNewRoman(0)/m/n/10.95 0.276|
 []


Overfull \hbox (5.16988pt too wide) in paragraph at lines 1163--1163
 []|\TU/TimesNewRoman(0)/m/n/10.95 0.143|
 []


Overfull \hbox (0.85503pt too wide) in paragraph at lines 1164--1164
 []|\TU/TimesNewRoman(0)/m/n/10.95 0.092|
 []


Overfull \hbox (9.49858pt too wide) in paragraph at lines 1164--1164
 []|\TU/TimesNewRoman(0)/m/n/10.95 0.302|
 []


Overfull \hbox (5.16988pt too wide) in paragraph at lines 1164--1164
 []|\TU/TimesNewRoman(0)/m/n/10.95 0.191|
 []


Overfull \hbox (9.49858pt too wide) in paragraph at lines 1165--1165
 []|\TU/TimesNewRoman(0)/m/n/10.95 0.315|
 []


Overfull \hbox (4.76352pt too wide) in paragraph at lines 1165--1165
 []|\TU/TimesNewRoman(0)/m/n/10.95 0.211|
 []


Overfull \hbox (0.85503pt too wide) in paragraph at lines 1166--1166
 []|\TU/TimesNewRoman(0)/m/n/10.95 0.168|
 []


Overfull \hbox (9.49858pt too wide) in paragraph at lines 1166--1166
 []|\TU/TimesNewRoman(0)/m/n/10.95 0.334|
 []


Overfull \hbox (5.16988pt too wide) in paragraph at lines 1166--1166
 []|\TU/TimesNewRoman(0)/m/n/10.95 0.238|
 []


Overfull \hbox (0.85503pt too wide) in paragraph at lines 1167--1167
 []|\TU/TimesNewRoman(0)/m/n/10.95 0.199|
 []


Overfull \hbox (9.49858pt too wide) in paragraph at lines 1167--1167
 []|\TU/TimesNewRoman(0)/m/n/10.95 0.345|
 []


Overfull \hbox (5.16988pt too wide) in paragraph at lines 1167--1167
 []|\TU/TimesNewRoman(0)/m/n/10.95 0.256|
 []


Overfull \hbox (0.85503pt too wide) in paragraph at lines 1168--1168
 []|\TU/TimesNewRoman(0)/m/n/10.95 0.185|
 []


Overfull \hbox (9.49858pt too wide) in paragraph at lines 1168--1168
 []|\TU/TimesNewRoman(0)/m/n/10.95 0.346|
 []


Overfull \hbox (5.16988pt too wide) in paragraph at lines 1168--1168
 []|\TU/TimesNewRoman(0)/m/n/10.95 0.266|
 []


Overfull \hbox (0.85503pt too wide) in paragraph at lines 1169--1169
 []|\TU/TimesNewRoman(0)/m/n/10.95 0.242|
 []


Overfull \hbox (9.49858pt too wide) in paragraph at lines 1169--1169
 []|\TU/TimesNewRoman(0)/m/n/10.95 0.351|
 []


Overfull \hbox (5.16988pt too wide) in paragraph at lines 1169--1169
 []|\TU/TimesNewRoman(0)/m/n/10.95 0.278|
 []


Overfull \hbox (4.02357pt too wide) in paragraph at lines 1170--1170
 []|\TU/TimesNewRoman(0)/m/n/10.95 16.0|
 []


Overfull \hbox (0.85503pt too wide) in paragraph at lines 1170--1170
 []|\TU/TimesNewRoman(0)/m/n/10.95 0.292|
 []


Overfull \hbox (9.49858pt too wide) in paragraph at lines 1170--1170
 []|\TU/TimesNewRoman(0)/m/n/10.95 0.354|
 []


Overfull \hbox (5.16988pt too wide) in paragraph at lines 1170--1170
 []|\TU/TimesNewRoman(0)/m/n/10.95 0.293|
 []


LaTeX Warning: Float too large for page by 29.69627pt on input line 1175.


Underfull \hbox (badness 10000) in paragraph at lines 1177--1178

 []

File: fig_density_sy100.png Graphic file (type bmp)
<fig_density_sy100.png>

Overfull \hbox (10.95355pt too wide) in paragraph at lines 1211--1212
[][] 
 []

[14] [15] [16]
File: fig_density_fixed_sparse.png Graphic file (type bmp)
<fig_density_fixed_sparse.png>

Overfull \hbox (10.95355pt too wide) in paragraph at lines 1218--1219
[][] 
 []

File: fig_density_fixed_sigma1.png Graphic file (type bmp)
<fig_density_fixed_sigma1.png>

Overfull \hbox (10.95355pt too wide) in paragraph at lines 1223--1224
[] 
 []

[17]

LaTeX Warning: File `fig_snr_lasso_all.png' not found on input line 1228.

! Unable to load picture or PDF file 'fig_snr_lasso_all.png'.
<to be read again> 
                   }
l.1228 ...,keepaspectratio]{fig_snr_lasso_all.png}
                                                  
The requested image couldn't be read because
it was not a recognized image format.

 
Here is how much of TeX's memory you used:
 23724 strings out of 469707
 465935 string characters out of 5464440
 1235114 words of memory out of 5000000
 52473 multiletter control sequences out of 15000+600000
 632484 words of font info for 90 fonts, out of 8000000 for 9000
 36 hyphenation exceptions out of 8191
 108i,13n,116p,11232b,702s stack positions out of 10000i,1000n,20000p,200000b,200000s
Output written on cv_summary.pdf (17 pages).
